06:02:42 **** Build of configuration Debug for project PiGesture-HID ****
make -j16 all 
arm-none-eabi-gcc "../Drivers/STM32F4xx_HAL_Driver/Src/stm32f4xx_hal.c" -mcpu=cortex-m4 -std=gnu11 -g3 -DDEBUG -DUSE_HAL_DRIVER -DSTM32F446xx -c -I../Core/Inc -I../Drivers/STM32F4xx_HAL_Driver/Inc -I../Drivers/STM32F4xx_HAL_Driver/Inc/Legacy -I../Drivers/CMSIS/Device/ST/STM32F4xx/Include -I../Drivers/CMSIS/Include -O0 -ffunction-sections -fdata-sections -Wall -fstack-usage -fcyclomatic-complexity -MMD -MP -MF"Drivers/STM32F4xx_HAL_Driver/Src/stm32f4xx_hal.d" -MT"Drivers/STM32F4xx_HAL_Driver/Src/stm32f4xx_hal.o" --specs=nano.specs -mfpu=fpv4-sp-d16 -mfloat-abi=hard -mthumb -o "Drivers/STM32F4xx_HAL_Driver/Src/stm32f4xx_hal.o"
arm-none-eabi-gcc "../Drivers/STM32F4xx_HAL_Driver/Src/stm32f4xx_hal_cortex.c" -mcpu=cortex-m4 -std=gnu11 -g3 -DDEBUG -DUSE_HAL_DRIVER -DSTM32F446xx -c -I../Core/Inc -I../Drivers/STM32F4xx_HAL_Driver/Inc -I../Drivers/STM32F4xx_HAL_Driver/Inc/Legacy -I../Drivers/CMSIS/Device/ST/STM32F4xx/Include -I../Drivers/CMSIS/Include -O0 -ffunction-sections -fdata-sections -Wall -fstack-usage -fcyclomatic-complexity -MMD -MP -MF"Drivers/STM32F4xx_HAL_Driver/Src/stm32f4xx_hal_cortex.d" -MT"Drivers/STM32F4xx_HAL_Driver/Src/stm32f4xx_hal_cortex.o" --specs=nano.specs -mfpu=fpv4-sp-d16 -mfloat-abi=hard -mthumb -o "Drivers/STM32F4xx_HAL_Driver/Src/stm32f4xx_hal_cortex.o"
arm-none-eabi-gcc "../Drivers/STM32F4xx_HAL_Driver/Src/stm32f4xx_hal_dma.c" -mcpu=cortex-m4 -std=gnu11 -g3 -DDEBUG -DUSE_HAL_DRIVER -DSTM32F446xx -c -I../Core/Inc -I../Drivers/STM32F4xx_HAL_Driver/Inc -I../Drivers/STM32F4xx_HAL_Driver/Inc/Legacy -I../Drivers/CMSIS/Device/ST/STM32F4xx/Include -I../Drivers/CMSIS/Include -O0 -ffunction-sections -fdata-sections -Wall -fstack-usage -fcyclomatic-complexity -MMD -MP -MF"Drivers/STM32F4xx_HAL_Driver/Src/stm32f4xx_hal_dma.d" -MT"Drivers/STM32F4xx_HAL_Driver/Src/stm32f4xx_hal_dma.o" --specs=nano.specs -mfpu=fpv4-sp-d16 -mfloat-abi=hard -mthumb -o "Drivers/STM32F4xx_HAL_Driver/Src/stm32f4xx_hal_dma.o"
arm-none-eabi-gcc "../Drivers/STM32F4xx_HAL_Driver/Src/stm32f4xx_hal_dma_ex.c" -mcpu=cortex-m4 -std=gnu11 -g3 -DDEBUG -DUSE_HAL_DRIVER -DSTM32F446xx -c -I../Core/Inc -I../Drivers/STM32F4xx_HAL_Driver/Inc -I../Drivers/STM32F4xx_HAL_Driver/Inc/Legacy -I../Drivers/CMSIS/Device/ST/STM32F4xx/Include -I../Drivers/CMSIS/Include -O0 -ffunction-sections -fdata-sections -Wall -fstack-usage -fcyclomatic-complexity -MMD -MP -MF"Drivers/STM32F4xx_HAL_Driver/Src/stm32f4xx_hal_dma_ex.d" -MT"Drivers/STM32F4xx_HAL_Driver/Src/stm32f4xx_hal_dma_ex.o" --specs=nano.specs -mfpu=fpv4-sp-d16 -mfloat-abi=hard -mthumb -o "Drivers/STM32F4xx_HAL_Driver/Src/stm32f4xx_hal_dma_ex.o"
arm-none-eabi-gcc "../Drivers/STM32F4xx_HAL_Driver/Src/stm32f4xx_hal_exti.c" -mcpu=cortex-m4 -std=gnu11 -g3 -DDEBUG -DUSE_HAL_DRIVER -DSTM32F446xx -c -I../Core/Inc -I../Drivers/STM32F4xx_HAL_Driver/Inc -I../Drivers/STM32F4xx_HAL_Driver/Inc/Legacy -I../Drivers/CMSIS/Device/ST/STM32F4xx/Include -I../Drivers/CMSIS/Include -O0 -ffunction-sections -fdata-sections -Wall -fstack-usage -fcyclomatic-complexity -MMD -MP -MF"Drivers/STM32F4xx_HAL_Driver/Src/stm32f4xx_hal_exti.d" -MT"Drivers/STM32F4xx_HAL_Driver/Src/stm32f4xx_hal_exti.o" --specs=nano.specs -mfpu=fpv4-sp-d16 -mfloat-abi=hard -mthumb -o "Drivers/STM32F4xx_HAL_Driver/Src/stm32f4xx_hal_exti.o"
arm-none-eabi-gcc "../Drivers/STM32F4xx_HAL_Driver/Src/stm32f4xx_hal_flash.c" -mcpu=cortex-m4 -std=gnu11 -g3 -DDEBUG -DUSE_HAL_DRIVER -DSTM32F446xx -c -I../Core/Inc -I../Drivers/STM32F4xx_HAL_Driver/Inc -I../Drivers/STM32F4xx_HAL_Driver/Inc/Legacy -I../Drivers/CMSIS/Device/ST/STM32F4xx/Include -I../Drivers/CMSIS/Include -O0 -ffunction-sections -fdata-sections -Wall -fstack-usage -fcyclomatic-complexity -MMD -MP -MF"Drivers/STM32F4xx_HAL_Driver/Src/stm32f4xx_hal_flash.d" -MT"Drivers/STM32F4xx_HAL_Driver/Src/stm32f4xx_hal_flash.o" --specs=nano.specs -mfpu=fpv4-sp-d16 -mfloat-abi=hard -mthumb -o "Drivers/STM32F4xx_HAL_Driver/Src/stm32f4xx_hal_flash.o"
arm-none-eabi-gcc "../Drivers/STM32F4xx_HAL_Driver/Src/stm32f4xx_hal_flash_ex.c" -mcpu=cortex-m4 -std=gnu11 -g3 -DDEBUG -DUSE_HAL_DRIVER -DSTM32F446xx -c -I../Core/Inc -I../Drivers/STM32F4xx_HAL_Driver/Inc -I../Drivers/STM32F4xx_HAL_Driver/Inc/Legacy -I../Drivers/CMSIS/Device/ST/STM32F4xx/Include -I../Drivers/CMSIS/Include -O0 -ffunction-sections -fdata-sections -Wall -fstack-usage -fcyclomatic-complexity -MMD -MP -MF"Drivers/STM32F4xx_HAL_Driver/Src/stm32f4xx_hal_flash_ex.d" -MT"Drivers/STM32F4xx_HAL_Driver/Src/stm32f4xx_hal_flash_ex.o" --specs=nano.specs -mfpu=fpv4-sp-d16 -mfloat-abi=hard -mthumb -o "Drivers/STM32F4xx_HAL_Driver/Src/stm32f4xx_hal_flash_ex.o"
arm-none-eabi-gcc "../Drivers/STM32F4xx_HAL_Driver/Src/stm32f4xx_hal_flash_ramfunc.c" -mcpu=cortex-m4 -std=gnu11 -g3 -DDEBUG -DUSE_HAL_DRIVER -DSTM32F446xx -c -I../Core/Inc -I../Drivers/STM32F4xx_HAL_Driver/Inc -I../Drivers/STM32F4xx_HAL_Driver/Inc/Legacy -I../Drivers/CMSIS/Device/ST/STM32F4xx/Include -I../Drivers/CMSIS/Include -O0 -ffunction-sections -fdata-sections -Wall -fstack-usage -fcyclomatic-complexity -MMD -MP -MF"Drivers/STM32F4xx_HAL_Driver/Src/stm32f4xx_hal_flash_ramfunc.d" -MT"Drivers/STM32F4xx_HAL_Driver/Src/stm32f4xx_hal_flash_ramfunc.o" --specs=nano.specs -mfpu=fpv4-sp-d16 -mfloat-abi=hard -mthumb -o "Drivers/STM32F4xx_HAL_Driver/Src/stm32f4xx_hal_flash_ramfunc.o"
arm-none-eabi-gcc "../Drivers/STM32F4xx_HAL_Driver/Src/stm32f4xx_hal_gpio.c" -mcpu=cortex-m4 -std=gnu11 -g3 -DDEBUG -DUSE_HAL_DRIVER -DSTM32F446xx -c -I../Core/Inc -I../Drivers/STM32F4xx_HAL_Driver/Inc -I../Drivers/STM32F4xx_HAL_Driver/Inc/Legacy -I../Drivers/CMSIS/Device/ST/STM32F4xx/Include -I../Drivers/CMSIS/Include -O0 -ffunction-sections -fdata-sections -Wall -fstack-usage -fcyclomatic-complexity -MMD -MP -MF"Drivers/STM32F4xx_HAL_Driver/Src/stm32f4xx_hal_gpio.d" -MT"Drivers/STM32F4xx_HAL_Driver/Src/stm32f4xx_hal_gpio.o" --specs=nano.specs -mfpu=fpv4-sp-d16 -mfloat-abi=hard -mthumb -o "Drivers/STM32F4xx_HAL_Driver/Src/stm32f4xx_hal_gpio.o"
arm-none-eabi-gcc "../Drivers/STM32F4xx_HAL_Driver/Src/stm32f4xx_hal_pwr.c" -mcpu=cortex-m4 -std=gnu11 -g3 -DDEBUG -DUSE_HAL_DRIVER -DSTM32F446xx -c -I../Core/Inc -I../Drivers/STM32F4xx_HAL_Driver/Inc -I../Drivers/STM32F4xx_HAL_Driver/Inc/Legacy -I../Drivers/CMSIS/Device/ST/STM32F4xx/Include -I../Drivers/CMSIS/Include -O0 -ffunction-sections -fdata-sections -Wall -fstack-usage -fcyclomatic-complexity -MMD -MP -MF"Drivers/STM32F4xx_HAL_Driver/Src/stm32f4xx_hal_pwr.d" -MT"Drivers/STM32F4xx_HAL_Driver/Src/stm32f4xx_hal_pwr.o" --specs=nano.specs -mfpu=fpv4-sp-d16 -mfloat-abi=hard -mthumb -o "Drivers/STM32F4xx_HAL_Driver/Src/stm32f4xx_hal_pwr.o"
arm-none-eabi-gcc "../Drivers/STM32F4xx_HAL_Driver/Src/stm32f4xx_hal_pwr_ex.c" -mcpu=cortex-m4 -std=gnu11 -g3 -DDEBUG -DUSE_HAL_DRIVER -DSTM32F446xx -c -I../Core/Inc -I../Drivers/STM32F4xx_HAL_Driver/Inc -I../Drivers/STM32F4xx_HAL_Driver/Inc/Legacy -I../Drivers/CMSIS/Device/ST/STM32F4xx/Include -I../Drivers/CMSIS/Include -O0 -ffunction-sections -fdata-sections -Wall -fstack-usage -fcyclomatic-complexity -MMD -MP -MF"Drivers/STM32F4xx_HAL_Driver/Src/stm32f4xx_hal_pwr_ex.d" -MT"Drivers/STM32F4xx_HAL_Driver/Src/stm32f4xx_hal_pwr_ex.o" --specs=nano.specs -mfpu=fpv4-sp-d16 -mfloat-abi=hard -mthumb -o "Drivers/STM32F4xx_HAL_Driver/Src/stm32f4xx_hal_pwr_ex.o"
arm-none-eabi-gcc "../Drivers/STM32F4xx_HAL_Driver/Src/stm32f4xx_hal_rcc.c" -mcpu=cortex-m4 -std=gnu11 -g3 -DDEBUG -DUSE_HAL_DRIVER -DSTM32F446xx -c -I../Core/Inc -I../Drivers/STM32F4xx_HAL_Driver/Inc -I../Drivers/STM32F4xx_HAL_Driver/Inc/Legacy -I../Drivers/CMSIS/Device/ST/STM32F4xx/Include -I../Drivers/CMSIS/Include -O0 -ffunction-sections -fdata-sections -Wall -fstack-usage -fcyclomatic-complexity -MMD -MP -MF"Drivers/STM32F4xx_HAL_Driver/Src/stm32f4xx_hal_rcc.d" -MT"Drivers/STM32F4xx_HAL_Driver/Src/stm32f4xx_hal_rcc.o" --specs=nano.specs -mfpu=fpv4-sp-d16 -mfloat-abi=hard -mthumb -o "Drivers/STM32F4xx_HAL_Driver/Src/stm32f4xx_hal_rcc.o"
arm-none-eabi-gcc "../Drivers/STM32F4xx_HAL_Driver/Src/stm32f4xx_hal_rcc_ex.c" -mcpu=cortex-m4 -std=gnu11 -g3 -DDEBUG -DUSE_HAL_DRIVER -DSTM32F446xx -c -I../Core/Inc -I../Drivers/STM32F4xx_HAL_Driver/Inc -I../Drivers/STM32F4xx_HAL_Driver/Inc/Legacy -I../Drivers/CMSIS/Device/ST/STM32F4xx/Include -I../Drivers/CMSIS/Include -O0 -ffunction-sections -fdata-sections -Wall -fstack-usage -fcyclomatic-complexity -MMD -MP -MF"Drivers/STM32F4xx_HAL_Driver/Src/stm32f4xx_hal_rcc_ex.d" -MT"Drivers/STM32F4xx_HAL_Driver/Src/stm32f4xx_hal_rcc_ex.o" --specs=nano.specs -mfpu=fpv4-sp-d16 -mfloat-abi=hard -mthumb -o "Drivers/STM32F4xx_HAL_Driver/Src/stm32f4xx_hal_rcc_ex.o"
arm-none-eabi-gcc "../Drivers/STM32F4xx_HAL_Driver/Src/stm32f4xx_hal_uart.c" -mcpu=cortex-m4 -std=gnu11 -g3 -DDEBUG -DUSE_HAL_DRIVER -DSTM32F446xx -c -I../Core/Inc -I../Drivers/STM32F4xx_HAL_Driver/Inc -I../Drivers/STM32F4xx_HAL_Driver/Inc/Legacy -I../Drivers/CMSIS/Device/ST/STM32F4xx/Include -I../Drivers/CMSIS/Include -O0 -ffunction-sections -fdata-sections -Wall -fstack-usage -fcyclomatic-complexity -MMD -MP -MF"Drivers/STM32F4xx_HAL_Driver/Src/stm32f4xx_hal_uart.d" -MT"Drivers/STM32F4xx_HAL_Driver/Src/stm32f4xx_hal_uart.o" --specs=nano.specs -mfpu=fpv4-sp-d16 -mfloat-abi=hard -mthumb -o "Drivers/STM32F4xx_HAL_Driver/Src/stm32f4xx_hal_uart.o"
arm-none-eabi-gcc -mcpu=cortex-m4 -g3 -DDEBUG -c -x assembler-with-cpp -MMD -MP -MF"Core/Startup/startup_stm32f446retx.d" -MT"Core/Startup/startup_stm32f446retx.o" --specs=nano.specs -mfpu=fpv4-sp-d16 -mfloat-abi=hard -mthumb -o "Core/Startup/startup_stm32f446retx.o" "../Core/Startup/startup_stm32f446retx.s"
arm-none-eabi-gcc "../Core/Src/main.c" -mcpu=cortex-m4 -std=gnu11 -g3 -DDEBUG -DUSE_HAL_DRIVER -DSTM32F446xx -c -I../Core/Inc -I../Drivers/STM32F4xx_HAL_Driver/Inc -I../Drivers/STM32F4xx_HAL_Driver/Inc/Legacy -I../Drivers/CMSIS/Device/ST/STM32F4xx/Include -I../Drivers/CMSIS/Include -O0 -ffunction-sections -fdata-sections -Wall -fstack-usage -fcyclomatic-complexity -MMD -MP -MF"Core/Src/main.d" -MT"Core/Src/main.o" --specs=nano.specs -mfpu=fpv4-sp-d16 -mfloat-abi=hard -mthumb -o "Core/Src/main.o"
../Core/Src/main.c: In function 'HAL_GPIO_EXTI_Callback':
../Core/Src/main.c:237:32: error: 'huart1' undeclared (first use in this function); did you mean 'huart2'?
  237 |             HAL_UART_Transmit(&huart1, (uint8_t*)"STOP\n", 5, 100);
      |                                ^~~~~~
      |                                huart2
../Core/Src/main.c:237:32: note: each undeclared identifier is reported only once for each function it appears in
arm-none-eabi-gcc "../Core/Src/stm32f4xx_hal_msp.c" -mcpu=cortex-m4 -std=gnu11 -g3 -DDEBUG -DUSE_HAL_DRIVER -DSTM32F446xx -c -I../Core/Inc -I../Drivers/STM32F4xx_HAL_Driver/Inc -I../Drivers/STM32F4xx_HAL_Driver/Inc/Legacy -I../Drivers/CMSIS/Device/ST/STM32F4xx/Include -I../Drivers/CMSIS/Include -O0 -ffunction-sections -fdata-sections -Wall -fstack-usage -fcyclomatic-complexity -MMD -MP -MF"Core/Src/stm32f4xx_hal_msp.d" -MT"Core/Src/stm32f4xx_hal_msp.o" --specs=nano.specs -mfpu=fpv4-sp-d16 -mfloat-abi=hard -mthumb -o "Core/Src/stm32f4xx_hal_msp.o"
make: *** [Core/Src/subdir.mk:34: Core/Src/main.o] Error 1
make: *** Waiting for unfinished jobs....
"make -j16 all" terminated with exit code 2. Build might be incomplete.
06:03:16 **** Incremental Build of configuration Debug for project PiGesture-HID ****
make -j16 all 
arm-none-eabi-gcc "../Core/Src/main.c" -mcpu=cortex-m4 -std=gnu11 -g3 -DDEBUG -DUSE_HAL_DRIVER -DSTM32F446xx -c -I../Core/Inc -I../Drivers/STM32F4xx_HAL_Driver/Inc -I../Drivers/STM32F4xx_HAL_Driver/Inc/Legacy -I../Drivers/CMSIS/Device/ST/STM32F4xx/Include -I../Drivers/CMSIS/Include -O0 -ffunction-sections -fdata-sections -Wall -fstack-usage -fcyclomatic-complexity -MMD -MP -MF"Core/Src/main.d" -MT"Core/Src/main.o" --specs=nano.specs -mfpu=fpv4-sp-d16 -mfloat-abi=hard -mthumb -o "Core/Src/main.o"
arm-none-eabi-gcc "../Core/Src/stm32f4xx_it.c" -mcpu=cortex-m4 -std=gnu11 -g3 -DDEBUG -DUSE_HAL_DRIVER -DSTM32F446xx -c -I../Core/Inc -I../Drivers/STM32F4xx_HAL_Driver/Inc -I../Drivers/STM32F4xx_HAL_Driver/Inc/Legacy -I../Drivers/CMSIS/Device/ST/STM32F4xx/Include -I../Drivers/CMSIS/Include -O0 -ffunction-sections -fdata-sections -Wall -fstack-usage -fcyclomatic-complexity -MMD -MP -MF"Core/Src/stm32f4xx_it.d" -MT"Core/Src/stm32f4xx_it.o" --specs=nano.specs -mfpu=fpv4-sp-d16 -mfloat-abi=hard -mthumb -o "Core/Src/stm32f4xx_it.o"
arm-none-eabi-gcc "../Core/Src/syscalls.c" -mcpu=cortex-m4 -std=gnu11 -g3 -DDEBUG -DUSE_HAL_DRIVER -DSTM32F446xx -c -I../Core/Inc -I../Drivers/STM32F4xx_HAL_Driver/Inc -I../Drivers/STM32F4xx_HAL_Driver/Inc/Legacy -I../Drivers/CMSIS/Device/ST/STM32F4xx/Include -I../Drivers/CMSIS/Include -O0 -ffunction-sections -fdata-sections -Wall -fstack-usage -fcyclomatic-complexity -MMD -MP -MF"Core/Src/syscalls.d" -MT"Core/Src/syscalls.o" --specs=nano.specs -mfpu=fpv4-sp-d16 -mfloat-abi=hard -mthumb -o "Core/Src/syscalls.o"
arm-none-eabi-gcc "../Core/Src/sysmem.c" -mcpu=cortex-m4 -std=gnu11 -g3 -DDEBUG -DUSE_HAL_DRIVER -DSTM32F446xx -c -I../Core/Inc -I../Drivers/STM32F4xx_HAL_Driver/Inc -I../Drivers/STM32F4xx_HAL_Driver/Inc/Legacy -I../Drivers/CMSIS/Device/ST/STM32F4xx/Include -I../Drivers/CMSIS/Include -O0 -ffunction-sections -fdata-sections -Wall -fstack-usage -fcyclomatic-complexity -MMD -MP -MF"Core/Src/sysmem.d" -MT"Core/Src/sysmem.o" --specs=nano.specs -mfpu=fpv4-sp-d16 -mfloat-abi=hard -mthumb -o "Core/Src/sysmem.o"
arm-none-eabi-gcc "../Core/Src/system_stm32f4xx.c" -mcpu=cortex-m4 -std=gnu11 -g3 -DDEBUG -DUSE_HAL_DRIVER -DSTM32F446xx -c -I../Core/Inc -I../Drivers/STM32F4xx_HAL_Driver/Inc -I../Drivers/STM32F4xx_HAL_Driver/Inc/Legacy -I../Drivers/CMSIS/Device/ST/STM32F4xx/Include -I../Drivers/CMSIS/Include -O0 -ffunction-sections -fdata-sections -Wall -fstack-usage -fcyclomatic-complexity -MMD -MP -MF"Core/Src/system_stm32f4xx.d" -MT"Core/Src/system_stm32f4xx.o" --specs=nano.specs -mfpu=fpv4-sp-d16 -mfloat-abi=hard -mthumb -o "Core/Src/system_stm32f4xx.o"
arm-none-eabi-gcc -o "PiGesture-HID.elf" @"objects.list"   -mcpu=cortex-m4 -T"E:\PiGesture-HID\PiGesture-HID\STM32F446RETX_FLASH.ld" --specs=nosys.specs -Wl,-Map="PiGesture-HID.map" -Wl,--gc-sections -static --specs=nano.specs -mfpu=fpv4-sp-d16 -mfloat-abi=hard -mthumb -Wl,--start-group -lc -lm -Wl,--end-group
Finished building target: PiGesture-HID.elf
 
arm-none-eabi-size  PiGesture-HID.elf 
arm-none-eabi-objdump -h -S PiGesture-HID.elf  > "PiGesture-HID.list"
   text	   data	    bss	    dec	    hex	filename
   8468	     12	   1644	  10124	   278c	PiGesture-HID.elf
Finished building: default.size.stdout
 
Finished building: PiGesture-HID.list
 
06:03:33 **** Incremental Build of configuration Debug for project PiGesture-HID ****
make -j16 all 
arm-none-eabi-gcc "../Drivers/STM32F4xx_HAL_Driver/Src/stm32f4xx_hal.c" -mcpu=cortex-m4 -std=gnu11 -g3 -DDEBUG -DUSE_HAL_DRIVER -DSTM32F446xx -c -I../Core/Inc -I../Drivers/STM32F4xx_HAL_Driver/Inc -I../Drivers/STM32F4xx_HAL_Driver/Inc/Legacy -I../Drivers/CMSIS/Device/ST/STM32F4xx/Include -I../Drivers/CMSIS/Include -O0 -ffunction-sections -fdata-sections -Wall -fstack-usage -fcyclomatic-complexity -MMD -MP -MF"Drivers/STM32F4xx_HAL_Driver/Src/stm32f4xx_hal.d" -MT"Drivers/STM32F4xx_HAL_Driver/Src/stm32f4xx_hal.o" --specs=nano.specs -mfpu=fpv4-sp-d16 -mfloat-abi=hard -mthumb -o "Drivers/STM32F4xx_HAL_Driver/Src/stm32f4xx_hal.o"
arm-none-eabi-gcc "../Drivers/STM32F4xx_HAL_Driver/Src/stm32f4xx_hal_cortex.c" -mcpu=cortex-m4 -std=gnu11 -g3 -DDEBUG -DUSE_HAL_DRIVER -DSTM32F446xx -c -I../Core/Inc -I../Drivers/STM32F4xx_HAL_Driver/Inc -I../Drivers/STM32F4xx_HAL_Driver/Inc/Legacy -I../Drivers/CMSIS/Device/ST/STM32F4xx/Include -I../Drivers/CMSIS/Include -O0 -ffunction-sections -fdata-sections -Wall -fstack-usage -fcyclomatic-complexity -MMD -MP -MF"Drivers/STM32F4xx_HAL_Driver/Src/stm32f4xx_hal_cortex.d" -MT"Drivers/STM32F4xx_HAL_Driver/Src/stm32f4xx_hal_cortex.o" --specs=nano.specs -mfpu=fpv4-sp-d16 -mfloat-abi=hard -mthumb -o "Drivers/STM32F4xx_HAL_Driver/Src/stm32f4xx_hal_cortex.o"
arm-none-eabi-gcc "../Drivers/STM32F4xx_HAL_Driver/Src/stm32f4xx_hal_dma.c" -mcpu=cortex-m4 -std=gnu11 -g3 -DDEBUG -DUSE_HAL_DRIVER -DSTM32F446xx -c -I../Core/Inc -I../Drivers/STM32F4xx_HAL_Driver/Inc -I../Drivers/STM32F4xx_HAL_Driver/Inc/Legacy -I../Drivers/CMSIS/Device/ST/STM32F4xx/Include -I../Drivers/CMSIS/Include -O0 -ffunction-sections -fdata-sections -Wall -fstack-usage -fcyclomatic-complexity -MMD -MP -MF"Drivers/STM32F4xx_HAL_Driver/Src/stm32f4xx_hal_dma.d" -MT"Drivers/STM32F4xx_HAL_Driver/Src/stm32f4xx_hal_dma.o" --specs=nano.specs -mfpu=fpv4-sp-d16 -mfloat-abi=hard -mthumb -o "Drivers/STM32F4xx_HAL_Driver/Src/stm32f4xx_hal_dma.o"
arm-none-eabi-gcc "../Drivers/STM32F4xx_HAL_Driver/Src/stm32f4xx_hal_dma_ex.c" -mcpu=cortex-m4 -std=gnu11 -g3 -DDEBUG -DUSE_HAL_DRIVER -DSTM32F446xx -c -I../Core/Inc -I../Drivers/STM32F4xx_HAL_Driver/Inc -I../Drivers/STM32F4xx_HAL_Driver/Inc/Legacy -I../Drivers/CMSIS/Device/ST/STM32F4xx/Include -I../Drivers/CMSIS/Include -O0 -ffunction-sections -fdata-sections -Wall -fstack-usage -fcyclomatic-complexity -MMD -MP -MF"Drivers/STM32F4xx_HAL_Driver/Src/stm32f4xx_hal_dma_ex.d" -MT"Drivers/STM32F4xx_HAL_Driver/Src/stm32f4xx_hal_dma_ex.o" --specs=nano.specs -mfpu=fpv4-sp-d16 -mfloat-abi=hard -mthumb -o "Drivers/STM32F4xx_HAL_Driver/Src/stm32f4xx_hal_dma_ex.o"
arm-none-eabi-gcc "../Drivers/STM32F4xx_HAL_Driver/Src/stm32f4xx_hal_exti.c" -mcpu=cortex-m4 -std=gnu11 -g3 -DDEBUG -DUSE_HAL_DRIVER -DSTM32F446xx -c -I../Core/Inc -I../Drivers/STM32F4xx_HAL_Driver/Inc -I../Drivers/STM32F4xx_HAL_Driver/Inc/Legacy -I../Drivers/CMSIS/Device/ST/STM32F4xx/Include -I../Drivers/CMSIS/Include -O0 -ffunction-sections -fdata-sections -Wall -fstack-usage -fcyclomatic-complexity -MMD -MP -MF"Drivers/STM32F4xx_HAL_Driver/Src/stm32f4xx_hal_exti.d" -MT"Drivers/STM32F4xx_HAL_Driver/Src/stm32f4xx_hal_exti.o" --specs=nano.specs -mfpu=fpv4-sp-d16 -mfloat-abi=hard -mthumb -o "Drivers/STM32F4xx_HAL_Driver/Src/stm32f4xx_hal_exti.o"
arm-none-eabi-gcc "../Drivers/STM32F4xx_HAL_Driver/Src/stm32f4xx_hal_flash.c" -mcpu=cortex-m4 -std=gnu11 -g3 -DDEBUG -DUSE_HAL_DRIVER -DSTM32F446xx -c -I../Core/Inc -I../Drivers/STM32F4xx_HAL_Driver/Inc -I../Drivers/STM32F4xx_HAL_Driver/Inc/Legacy -I../Drivers/CMSIS/Device/ST/STM32F4xx/Include -I../Drivers/CMSIS/Include -O0 -ffunction-sections -fdata-sections -Wall -fstack-usage -fcyclomatic-complexity -MMD -MP -MF"Drivers/STM32F4xx_HAL_Driver/Src/stm32f4xx_hal_flash.d" -MT"Drivers/STM32F4xx_HAL_Driver/Src/stm32f4xx_hal_flash.o" --specs=nano.specs -mfpu=fpv4-sp-d16 -mfloat-abi=hard -mthumb -o "Drivers/STM32F4xx_HAL_Driver/Src/stm32f4xx_hal_flash.o"
arm-none-eabi-gcc "../Drivers/STM32F4xx_HAL_Driver/Src/stm32f4xx_hal_flash_ex.c" -mcpu=cortex-m4 -std=gnu11 -g3 -DDEBUG -DUSE_HAL_DRIVER -DSTM32F446xx -c -I../Core/Inc -I../Drivers/STM32F4xx_HAL_Driver/Inc -I../Drivers/STM32F4xx_HAL_Driver/Inc/Legacy -I../Drivers/CMSIS/Device/ST/STM32F4xx/Include -I../Drivers/CMSIS/Include -O0 -ffunction-sections -fdata-sections -Wall -fstack-usage -fcyclomatic-complexity -MMD -MP -MF"Drivers/STM32F4xx_HAL_Driver/Src/stm32f4xx_hal_flash_ex.d" -MT"Drivers/STM32F4xx_HAL_Driver/Src/stm32f4xx_hal_flash_ex.o" --specs=nano.specs -mfpu=fpv4-sp-d16 -mfloat-abi=hard -mthumb -o "Drivers/STM32F4xx_HAL_Driver/Src/stm32f4xx_hal_flash_ex.o"
arm-none-eabi-gcc "../Drivers/STM32F4xx_HAL_Driver/Src/stm32f4xx_hal_flash_ramfunc.c" -mcpu=cortex-m4 -std=gnu11 -g3 -DDEBUG -DUSE_HAL_DRIVER -DSTM32F446xx -c -I../Core/Inc -I../Drivers/STM32F4xx_HAL_Driver/Inc -I../Drivers/STM32F4xx_HAL_Driver/Inc/Legacy -I../Drivers/CMSIS/Device/ST/STM32F4xx/Include -I../Drivers/CMSIS/Include -O0 -ffunction-sections -fdata-sections -Wall -fstack-usage -fcyclomatic-complexity -MMD -MP -MF"Drivers/STM32F4xx_HAL_Driver/Src/stm32f4xx_hal_flash_ramfunc.d" -MT"Drivers/STM32F4xx_HAL_Driver/Src/stm32f4xx_hal_flash_ramfunc.o" --specs=nano.specs -mfpu=fpv4-sp-d16 -mfloat-abi=hard -mthumb -o "Drivers/STM32F4xx_HAL_Driver/Src/stm32f4xx_hal_flash_ramfunc.o"
arm-none-eabi-gcc "../Drivers/STM32F4xx_HAL_Driver/Src/stm32f4xx_hal_gpio.c" -mcpu=cortex-m4 -std=gnu11 -g3 -DDEBUG -DUSE_HAL_DRIVER -DSTM32F446xx -c -I../Core/Inc -I../Drivers/STM32F4xx_HAL_Driver/Inc -I../Drivers/STM32F4xx_HAL_Driver/Inc/Legacy -I../Drivers/CMSIS/Device/ST/STM32F4xx/Include -I../Drivers/CMSIS/Include -O0 -ffunction-sections -fdata-sections -Wall -fstack-usage -fcyclomatic-complexity -MMD -MP -MF"Drivers/STM32F4xx_HAL_Driver/Src/stm32f4xx_hal_gpio.d" -MT"Drivers/STM32F4xx_HAL_Driver/Src/stm32f4xx_hal_gpio.o" --specs=nano.specs -mfpu=fpv4-sp-d16 -mfloat-abi=hard -mthumb -o "Drivers/STM32F4xx_HAL_Driver/Src/stm32f4xx_hal_gpio.o"
arm-none-eabi-gcc "../Drivers/STM32F4xx_HAL_Driver/Src/stm32f4xx_hal_i2c.c" -mcpu=cortex-m4 -std=gnu11 -g3 -DDEBUG -DUSE_HAL_DRIVER -DSTM32F446xx -c -I../Core/Inc -I../Drivers/STM32F4xx_HAL_Driver/Inc -I../Drivers/STM32F4xx_HAL_Driver/Inc/Legacy -I../Drivers/CMSIS/Device/ST/STM32F4xx/Include -I../Drivers/CMSIS/Include -O0 -ffunction-sections -fdata-sections -Wall -fstack-usage -fcyclomatic-complexity -MMD -MP -MF"Drivers/STM32F4xx_HAL_Driver/Src/stm32f4xx_hal_i2c.d" -MT"Drivers/STM32F4xx_HAL_Driver/Src/stm32f4xx_hal_i2c.o" --specs=nano.specs -mfpu=fpv4-sp-d16 -mfloat-abi=hard -mthumb -o "Drivers/STM32F4xx_HAL_Driver/Src/stm32f4xx_hal_i2c.o"
arm-none-eabi-gcc "../Drivers/STM32F4xx_HAL_Driver/Src/stm32f4xx_hal_i2c_ex.c" -mcpu=cortex-m4 -std=gnu11 -g3 -DDEBUG -DUSE_HAL_DRIVER -DSTM32F446xx -c -I../Core/Inc -I../Drivers/STM32F4xx_HAL_Driver/Inc -I../Drivers/STM32F4xx_HAL_Driver/Inc/Legacy -I../Drivers/CMSIS/Device/ST/STM32F4xx/Include -I../Drivers/CMSIS/Include -O0 -ffunction-sections -fdata-sections -Wall -fstack-usage -fcyclomatic-complexity -MMD -MP -MF"Drivers/STM32F4xx_HAL_Driver/Src/stm32f4xx_hal_i2c_ex.d" -MT"Drivers/STM32F4xx_HAL_Driver/Src/stm32f4xx_hal_i2c_ex.o" --specs=nano.specs -mfpu=fpv4-sp-d16 -mfloat-abi=hard -mthumb -o "Drivers/STM32F4xx_HAL_Driver/Src/stm32f4xx_hal_i2c_ex.o"
arm-none-eabi-gcc "../Drivers/STM32F4xx_HAL_Driver/Src/stm32f4xx_hal_pwr.c" -mcpu=cortex-m4 -std=gnu11 -g3 -DDEBUG -DUSE_HAL_DRIVER -DSTM32F446xx -c -I../Core/Inc -I../Drivers/STM32F4xx_HAL_Driver/Inc -I../Drivers/STM32F4xx_HAL_Driver/Inc/Legacy -I../Drivers/CMSIS/Device/ST/STM32F4xx/Include -I../Drivers/CMSIS/Include -O0 -ffunction-sections -fdata-sections -Wall -fstack-usage -fcyclomatic-complexity -MMD -MP -MF"Drivers/STM32F4xx_HAL_Driver/Src/stm32f4xx_hal_pwr.d" -MT"Drivers/STM32F4xx_HAL_Driver/Src/stm32f4xx_hal_pwr.o" --specs=nano.specs -mfpu=fpv4-sp-d16 -mfloat-abi=hard -mthumb -o "Drivers/STM32F4xx_HAL_Driver/Src/stm32f4xx_hal_pwr.o"
arm-none-eabi-gcc "../Drivers/STM32F4xx_HAL_Driver/Src/stm32f4xx_hal_pwr_ex.c" -mcpu=cortex-m4 -std=gnu11 -g3 -DDEBUG -DUSE_HAL_DRIVER -DSTM32F446xx -c -I../Core/Inc -I../Drivers/STM32F4xx_HAL_Driver/Inc -I../Drivers/STM32F4xx_HAL_Driver/Inc/Legacy -I../Drivers/CMSIS/Device/ST/STM32F4xx/Include -I../Drivers/CMSIS/Include -O0 -ffunction-sections -fdata-sections -Wall -fstack-usage -fcyclomatic-complexity -MMD -MP -MF"Drivers/STM32F4xx_HAL_Driver/Src/stm32f4xx_hal_pwr_ex.d" -MT"Drivers/STM32F4xx_HAL_Driver/Src/stm32f4xx_hal_pwr_ex.o" --specs=nano.specs -mfpu=fpv4-sp-d16 -mfloat-abi=hard -mthumb -o "Drivers/STM32F4xx_HAL_Driver/Src/stm32f4xx_hal_pwr_ex.o"
arm-none-eabi-gcc "../Drivers/STM32F4xx_HAL_Driver/Src/stm32f4xx_hal_rcc.c" -mcpu=cortex-m4 -std=gnu11 -g3 -DDEBUG -DUSE_HAL_DRIVER -DSTM32F446xx -c -I../Core/Inc -I../Drivers/STM32F4xx_HAL_Driver/Inc -I../Drivers/STM32F4xx_HAL_Driver/Inc/Legacy -I../Drivers/CMSIS/Device/ST/STM32F4xx/Include -I../Drivers/CMSIS/Include -O0 -ffunction-sections -fdata-sections -Wall -fstack-usage -fcyclomatic-complexity -MMD -MP -MF"Drivers/STM32F4xx_HAL_Driver/Src/stm32f4xx_hal_rcc.d" -MT"Drivers/STM32F4xx_HAL_Driver/Src/stm32f4xx_hal_rcc.o" --specs=nano.specs -mfpu=fpv4-sp-d16 -mfloat-abi=hard -mthumb -o "Drivers/STM32F4xx_HAL_Driver/Src/stm32f4xx_hal_rcc.o"
arm-none-eabi-gcc "../Drivers/STM32F4xx_HAL_Driver/Src/stm32f4xx_hal_rcc_ex.c" -mcpu=cortex-m4 -std=gnu11 -g3 -DDEBUG -DUSE_HAL_DRIVER -DSTM32F446xx -c -I../Core/Inc -I../Drivers/STM32F4xx_HAL_Driver/Inc -I../Drivers/STM32F4xx_HAL_Driver/Inc/Legacy -I../Drivers/CMSIS/Device/ST/STM32F4xx/Include -I../Drivers/CMSIS/Include -O0 -ffunction-sections -fdata-sections -Wall -fstack-usage -fcyclomatic-complexity -MMD -MP -MF"Drivers/STM32F4xx_HAL_Driver/Src/stm32f4xx_hal_rcc_ex.d" -MT"Drivers/STM32F4xx_HAL_Driver/Src/stm32f4xx_hal_rcc_ex.o" --specs=nano.specs -mfpu=fpv4-sp-d16 -mfloat-abi=hard -mthumb -o "Drivers/STM32F4xx_HAL_Driver/Src/stm32f4xx_hal_rcc_ex.o"
arm-none-eabi-gcc "../Drivers/STM32F4xx_HAL_Driver/Src/stm32f4xx_hal_uart.c" -mcpu=cortex-m4 -std=gnu11 -g3 -DDEBUG -DUSE_HAL_DRIVER -DSTM32F446xx -c -I../Core/Inc -I../Drivers/STM32F4xx_HAL_Driver/Inc -I../Drivers/STM32F4xx_HAL_Driver/Inc/Legacy -I../Drivers/CMSIS/Device/ST/STM32F4xx/Include -I../Drivers/CMSIS/Include -O0 -ffunction-sections -fdata-sections -Wall -fstack-usage -fcyclomatic-complexity -MMD -MP -MF"Drivers/STM32F4xx_HAL_Driver/Src/stm32f4xx_hal_uart.d" -MT"Drivers/STM32F4xx_HAL_Driver/Src/stm32f4xx_hal_uart.o" --specs=nano.specs -mfpu=fpv4-sp-d16 -mfloat-abi=hard -mthumb -o "Drivers/STM32F4xx_HAL_Driver/Src/stm32f4xx_hal_uart.o"
arm-none-eabi-gcc "../Core/Src/main.c" -mcpu=cortex-m4 -std=gnu11 -g3 -DDEBUG -DUSE_HAL_DRIVER -DSTM32F446xx -c -I../Core/Inc -I../Drivers/STM32F4xx_HAL_Driver/Inc -I../Drivers/STM32F4xx_HAL_Driver/Inc/Legacy -I../Drivers/CMSIS/Device/ST/STM32F4xx/Include -I../Drivers/CMSIS/Include -O0 -ffunction-sections -fdata-sections -Wall -fstack-usage -fcyclomatic-complexity -MMD -MP -MF"Core/Src/main.d" -MT"Core/Src/main.o" --specs=nano.specs -mfpu=fpv4-sp-d16 -mfloat-abi=hard -mthumb -o "Core/Src/main.o"
arm-none-eabi-gcc "../Core/Src/stm32f4xx_hal_msp.c" -mcpu=cortex-m4 -std=gnu11 -g3 -DDEBUG -DUSE_HAL_DRIVER -DSTM32F446xx -c -I../Core/Inc -I../Drivers/STM32F4xx_HAL_Driver/Inc -I../Drivers/STM32F4xx_HAL_Driver/Inc/Legacy -I../Drivers/CMSIS/Device/ST/STM32F4xx/Include -I../Drivers/CMSIS/Include -O0 -ffunction-sections -fdata-sections -Wall -fstack-usage -fcyclomatic-complexity -MMD -MP -MF"Core/Src/stm32f4xx_hal_msp.d" -MT"Core/Src/stm32f4xx_hal_msp.o" --specs=nano.specs -mfpu=fpv4-sp-d16 -mfloat-abi=hard -mthumb -o "Core/Src/stm32f4xx_hal_msp.o"
arm-none-eabi-gcc "../Core/Src/stm32f4xx_it.c" -mcpu=cortex-m4 -std=gnu11 -g3 -DDEBUG -DUSE_HAL_DRIVER -DSTM32F446xx -c -I../Core/Inc -I../Drivers/STM32F4xx_HAL_Driver/Inc -I../Drivers/STM32F4xx_HAL_Driver/Inc/Legacy -I../Drivers/CMSIS/Device/ST/STM32F4xx/Include -I../Drivers/CMSIS/Include -O0 -ffunction-sections -fdata-sections -Wall -fstack-usage -fcyclomatic-complexity -MMD -MP -MF"Core/Src/stm32f4xx_it.d" -MT"Core/Src/stm32f4xx_it.o" --specs=nano.specs -mfpu=fpv4-sp-d16 -mfloat-abi=hard -mthumb -o "Core/Src/stm32f4xx_it.o"
arm-none-eabi-gcc "../Core/Src/system_stm32f4xx.c" -mcpu=cortex-m4 -std=gnu11 -g3 -DDEBUG -DUSE_HAL_DRIVER -DSTM32F446xx -c -I../Core/Inc -I../Drivers/STM32F4xx_HAL_Driver/Inc -I../Drivers/STM32F4xx_HAL_Driver/Inc/Legacy -I../Drivers/CMSIS/Device/ST/STM32F4xx/Include -I../Drivers/CMSIS/Include -O0 -ffunction-sections -fdata-sections -Wall -fstack-usage -fcyclomatic-complexity -MMD -MP -MF"Core/Src/system_stm32f4xx.d" -MT"Core/Src/system_stm32f4xx.o" --specs=nano.specs -mfpu=fpv4-sp-d16 -mfloat-abi=hard -mthumb -o "Core/Src/system_stm32f4xx.o"
arm-none-eabi-gcc -o "PiGesture-HID.elf" @"objects.list"   -mcpu=cortex-m4 -T"E:\PiGesture-HID\PiGesture-HID\STM32F446RETX_FLASH.ld" --specs=nosys.specs -Wl,-Map="PiGesture-HID.map" -Wl,--gc-sections -static --specs=nano.specs -mfpu=fpv4-sp-d16 -mfloat-abi=hard -mthumb -Wl,--start-group -lc -lm -Wl,--end-group
Finished building target: PiGesture-HID.elf
 
arm-none-eabi-size  PiGesture-HID.elf 
arm-none-eabi-objdump -h -S PiGesture-HID.elf  > "PiGesture-HID.list"
   text	   data	    bss	    dec	    hex	filename
  10320	     16	   1728	  12064	   2f20	PiGesture-HID.elf
Finished building: default.size.stdout
 
Finished building: PiGesture-HID.list
 
06:12:26 **** Incremental Build of configuration Debug for project PiGesture-HID ****
make -j16 all 
arm-none-eabi-gcc "../Core/Src/main.c" -mcpu=cortex-m4 -std=gnu11 -g3 -DDEBUG -DUSE_HAL_DRIVER -DSTM32F446xx -c -I../Core/Inc -I../Drivers/STM32F4xx_HAL_Driver/Inc -I../Drivers/STM32F4xx_HAL_Driver/Inc/Legacy -I../Drivers/CMSIS/Device/ST/STM32F4xx/Include -I../Drivers/CMSIS/Include -O0 -ffunction-sections -fdata-sections -Wall -fstack-usage -fcyclomatic-complexity -MMD -MP -MF"Core/Src/main.d" -MT"Core/Src/main.o" --specs=nano.specs -mfpu=fpv4-sp-d16 -mfloat-abi=hard -mthumb -o "Core/Src/main.o"
arm-none-eabi-gcc -o "PiGesture-HID.elf" @"objects.list"   -mcpu=cortex-m4 -T"E:\PiGesture-HID\PiGesture-HID\STM32F446RETX_FLASH.ld" --specs=nosys.specs -Wl,-Map="PiGesture-HID.map" -Wl,--gc-sections -static --specs=nano.specs -mfpu=fpv4-sp-d16 -mfloat-abi=hard -mthumb -Wl,--start-group -lc -lm -Wl,--end-group
Finished building target: PiGesture-HID.elf
 
arm-none-eabi-size  PiGesture-HID.elf 
arm-none-eabi-objdump -h -S PiGesture-HID.elf  > "PiGesture-HID.list"
   text	   data	    bss	    dec	    hex	filename
  10384	     16	   1728	  12128	   2f60	PiGesture-HID.elf
Finished building: default.size.stdout
 
Finished building: PiGesture-HID.list
 
06:20:00 **** Incremental Build of configuration Debug for project PiGesture-HID ****
make -j16 all 
arm-none-eabi-gcc "../Core/Src/main.c" -mcpu=cortex-m4 -std=gnu11 -g3 -DDEBUG -DUSE_HAL_DRIVER -DSTM32F446xx -c -I../Core/Inc -I../Drivers/STM32F4xx_HAL_Driver/Inc -I../Drivers/STM32F4xx_HAL_Driver/Inc/Legacy -I../Drivers/CMSIS/Device/ST/STM32F4xx/Include -I../Drivers/CMSIS/Include -O0 -ffunction-sections -fdata-sections -Wall -fstack-usage -fcyclomatic-complexity -MMD -MP -MF"Core/Src/main.d" -MT"Core/Src/main.o" --specs=nano.specs -mfpu=fpv4-sp-d16 -mfloat-abi=hard -mthumb -o "Core/Src/main.o"
arm-none-eabi-gcc "../Core/Src/stm32f4xx_hal_msp.c" -mcpu=cortex-m4 -std=gnu11 -g3 -DDEBUG -DUSE_HAL_DRIVER -DSTM32F446xx -c -I../Core/Inc -I../Drivers/STM32F4xx_HAL_Driver/Inc -I../Drivers/STM32F4xx_HAL_Driver/Inc/Legacy -I../Drivers/CMSIS/Device/ST/STM32F4xx/Include -I../Drivers/CMSIS/Include -O0 -ffunction-sections -fdata-sections -Wall -fstack-usage -fcyclomatic-complexity -MMD -MP -MF"Core/Src/stm32f4xx_hal_msp.d" -MT"Core/Src/stm32f4xx_hal_msp.o" --specs=nano.specs -mfpu=fpv4-sp-d16 -mfloat-abi=hard -mthumb -o "Core/Src/stm32f4xx_hal_msp.o"
arm-none-eabi-gcc -o "PiGesture-HID.elf" @"objects.list"   -mcpu=cortex-m4 -T"E:\PiGesture-HID\PiGesture-HID\STM32F446RETX_FLASH.ld" --specs=nosys.specs -Wl,-Map="PiGesture-HID.map" -Wl,--gc-sections -static --specs=nano.specs -mfpu=fpv4-sp-d16 -mfloat-abi=hard -mthumb -Wl,--start-group -lc -lm -Wl,--end-group
Finished building target: PiGesture-HID.elf
 
arm-none-eabi-size  PiGesture-HID.elf 
arm-none-eabi-objdump -h -S PiGesture-HID.elf  > "PiGesture-HID.list"
   text	   data	    bss	    dec	    hex	filename
  10416	     16	   1728	  12160	   2f80	PiGesture-HID.elf
Finished building: default.size.stdout
 
Finished building: PiGesture-HID.list
 
06:34:29 **** Incremental Build of configuration Debug for project PiGesture-HID ****
make -j16 all 
arm-none-eabi-gcc "../Core/Src/main.c" -mcpu=cortex-m4 -std=gnu11 -g3 -DDEBUG -DUSE_HAL_DRIVER -DSTM32F446xx -c -I../Core/Inc -I../Drivers/STM32F4xx_HAL_Driver/Inc -I../Drivers/STM32F4xx_HAL_Driver/Inc/Legacy -I../Drivers/CMSIS/Device/ST/STM32F4xx/Include -I../Drivers/CMSIS/Include -O0 -ffunction-sections -fdata-sections -Wall -fstack-usage -fcyclomatic-complexity -MMD -MP -MF"Core/Src/main.d" -MT"Core/Src/main.o" --specs=nano.specs -mfpu=fpv4-sp-d16 -mfloat-abi=hard -mthumb -o "Core/Src/main.o"
arm-none-eabi-gcc "../Core/Src/ssd1306.c" -mcpu=cortex-m4 -std=gnu11 -g3 -DDEBUG -DUSE_HAL_DRIVER -DSTM32F446xx -c -I../Core/Inc -I../Drivers/STM32F4xx_HAL_Driver/Inc -I../Drivers/STM32F4xx_HAL_Driver/Inc/Legacy -I../Drivers/CMSIS/Device/ST/STM32F4xx/Include -I../Drivers/CMSIS/Include -O0 -ffunction-sections -fdata-sections -Wall -fstack-usage -fcyclomatic-complexity -MMD -MP -MF"Core/Src/ssd1306.d" -MT"Core/Src/ssd1306.o" --specs=nano.specs -mfpu=fpv4-sp-d16 -mfloat-abi=hard -mthumb -o "Core/Src/ssd1306.o"
arm-none-eabi-gcc "../Core/Src/ssd1306_fonts.c" -mcpu=cortex-m4 -std=gnu11 -g3 -DDEBUG -DUSE_HAL_DRIVER -DSTM32F446xx -c -I../Core/Inc -I../Drivers/STM32F4xx_HAL_Driver/Inc -I../Drivers/STM32F4xx_HAL_Driver/Inc/Legacy -I../Drivers/CMSIS/Device/ST/STM32F4xx/Include -I../Drivers/CMSIS/Include -O0 -ffunction-sections -fdata-sections -Wall -fstack-usage -fcyclomatic-complexity -MMD -MP -MF"Core/Src/ssd1306_fonts.d" -MT"Core/Src/ssd1306_fonts.o" --specs=nano.specs -mfpu=fpv4-sp-d16 -mfloat-abi=hard -mthumb -o "Core/Src/ssd1306_fonts.o"
arm-none-eabi-gcc "../Core/Src/ssd1306_tests.c" -mcpu=cortex-m4 -std=gnu11 -g3 -DDEBUG -DUSE_HAL_DRIVER -DSTM32F446xx -c -I../Core/Inc -I../Drivers/STM32F4xx_HAL_Driver/Inc -I../Drivers/STM32F4xx_HAL_Driver/Inc/Legacy -I../Drivers/CMSIS/Device/ST/STM32F4xx/Include -I../Drivers/CMSIS/Include -O0 -ffunction-sections -fdata-sections -Wall -fstack-usage -fcyclomatic-complexity -MMD -MP -MF"Core/Src/ssd1306_tests.d" -MT"Core/Src/ssd1306_tests.o" --specs=nano.specs -mfpu=fpv4-sp-d16 -mfloat-abi=hard -mthumb -o "Core/Src/ssd1306_tests.o"
arm-none-eabi-gcc "../Core/Src/stm32f4xx_hal_msp.c" -mcpu=cortex-m4 -std=gnu11 -g3 -DDEBUG -DUSE_HAL_DRIVER -DSTM32F446xx -c -I../Core/Inc -I../Drivers/STM32F4xx_HAL_Driver/Inc -I../Drivers/STM32F4xx_HAL_Driver/Inc/Legacy -I../Drivers/CMSIS/Device/ST/STM32F4xx/Include -I../Drivers/CMSIS/Include -O0 -ffunction-sections -fdata-sections -Wall -fstack-usage -fcyclomatic-complexity -MMD -MP -MF"Core/Src/stm32f4xx_hal_msp.d" -MT"Core/Src/stm32f4xx_hal_msp.o" --specs=nano.specs -mfpu=fpv4-sp-d16 -mfloat-abi=hard -mthumb -o "Core/Src/stm32f4xx_hal_msp.o"
arm-none-eabi-gcc "../Core/Src/stm32f4xx_it.c" -mcpu=cortex-m4 -std=gnu11 -g3 -DDEBUG -DUSE_HAL_DRIVER -DSTM32F446xx -c -I../Core/Inc -I../Drivers/STM32F4xx_HAL_Driver/Inc -I../Drivers/STM32F4xx_HAL_Driver/Inc/Legacy -I../Drivers/CMSIS/Device/ST/STM32F4xx/Include -I../Drivers/CMSIS/Include -O0 -ffunction-sections -fdata-sections -Wall -fstack-usage -fcyclomatic-complexity -MMD -MP -MF"Core/Src/stm32f4xx_it.d" -MT"Core/Src/stm32f4xx_it.o" --specs=nano.specs -mfpu=fpv4-sp-d16 -mfloat-abi=hard -mthumb -o "Core/Src/stm32f4xx_it.o"
arm-none-eabi-gcc "../Core/Src/syscalls.c" -mcpu=cortex-m4 -std=gnu11 -g3 -DDEBUG -DUSE_HAL_DRIVER -DSTM32F446xx -c -I../Core/Inc -I../Drivers/STM32F4xx_HAL_Driver/Inc -I../Drivers/STM32F4xx_HAL_Driver/Inc/Legacy -I../Drivers/CMSIS/Device/ST/STM32F4xx/Include -I../Drivers/CMSIS/Include -O0 -ffunction-sections -fdata-sections -Wall -fstack-usage -fcyclomatic-complexity -MMD -MP -MF"Core/Src/syscalls.d" -MT"Core/Src/syscalls.o" --specs=nano.specs -mfpu=fpv4-sp-d16 -mfloat-abi=hard -mthumb -o "Core/Src/syscalls.o"
arm-none-eabi-gcc "../Core/Src/sysmem.c" -mcpu=cortex-m4 -std=gnu11 -g3 -DDEBUG -DUSE_HAL_DRIVER -DSTM32F446xx -c -I../Core/Inc -I../Drivers/STM32F4xx_HAL_Driver/Inc -I../Drivers/STM32F4xx_HAL_Driver/Inc/Legacy -I../Drivers/CMSIS/Device/ST/STM32F4xx/Include -I../Drivers/CMSIS/Include -O0 -ffunction-sections -fdata-sections -Wall -fstack-usage -fcyclomatic-complexity -MMD -MP -MF"Core/Src/sysmem.d" -MT"Core/Src/sysmem.o" --specs=nano.specs -mfpu=fpv4-sp-d16 -mfloat-abi=hard -mthumb -o "Core/Src/sysmem.o"
arm-none-eabi-gcc "../Core/Src/system_stm32f4xx.c" -mcpu=cortex-m4 -std=gnu11 -g3 -DDEBUG -DUSE_HAL_DRIVER -DSTM32F446xx -c -I../Core/Inc -I../Drivers/STM32F4xx_HAL_Driver/Inc -I../Drivers/STM32F4xx_HAL_Driver/Inc/Legacy -I../Drivers/CMSIS/Device/ST/STM32F4xx/Include -I../Drivers/CMSIS/Include -O0 -ffunction-sections -fdata-sections -Wall -fstack-usage -fcyclomatic-complexity -MMD -MP -MF"Core/Src/system_stm32f4xx.d" -MT"Core/Src/system_stm32f4xx.o" --specs=nano.specs -mfpu=fpv4-sp-d16 -mfloat-abi=hard -mthumb -o "Core/Src/system_stm32f4xx.o"
../Core/Src/main.c: In function 'draw_mouse_icon':
../Core/Src/main.c:72:5: warning: implicit declaration of function 'ssd1306_DrawRectangle' [-Wimplicit-function-declaration]
   72 |     ssd1306_DrawRectangle(x-8, y-12, x+8, y+12, White);
      |     ^~~~~~~~~~~~~~~~~~~~~
../Core/Src/main.c:72:49: error: 'White' undeclared (first use in this function)
   72 |     ssd1306_DrawRectangle(x-8, y-12, x+8, y+12, White);
      |                                                 ^~~~~
../Core/Src/main.c:72:49: note: each undeclared identifier is reported only once for each function it appears in
../Core/Src/main.c:73:5: warning: implicit declaration of function 'ssd1306_Line' [-Wimplicit-function-declaration]
   73 |     ssd1306_Line(x, y-12, x, y-2, White);
      |     ^~~~~~~~~~~~
../Core/Src/main.c: In function 'draw_direction_arrow':
../Core/Src/main.c:97:5: warning: implicit declaration of function 'ssd1306_DrawCircle' [-Wimplicit-function-declaration]
   97 |     ssd1306_DrawCircle(arrow_x, arrow_y, 3, White);
      |     ^~~~~~~~~~~~~~~~~~
../Core/Src/main.c:97:45: error: 'White' undeclared (first use in this function)
   97 |     ssd1306_DrawCircle(arrow_x, arrow_y, 3, White);
      |                                             ^~~~~
../Core/Src/main.c: In function 'draw_status_overlay':
../Core/Src/main.c:103:47: error: 'White' undeclared (first use in this function)
  103 |         ssd1306_DrawRectangle(58, 24, 62, 40, White);
      |                                               ^~~~~
../Core/Src/main.c:105:9: warning: implicit declaration of function 'ssd1306_SetCursor' [-Wimplicit-function-declaration]
  105 |         ssd1306_SetCursor(40, 45);
      |         ^~~~~~~~~~~~~~~~~
../Core/Src/main.c:106:9: warning: implicit declaration of function 'ssd1306_WriteString' [-Wimplicit-function-declaration]
  106 |         ssd1306_WriteString("PAUSED", Font_7x10, White);
      |         ^~~~~~~~~~~~~~~~~~~
../Core/Src/main.c:106:39: error: 'Font_7x10' undeclared (first use in this function)
  106 |         ssd1306_WriteString("PAUSED", Font_7x10, White);
      |                                       ^~~~~~~~~
../Core/Src/main.c:111:32: warning: implicit declaration of function 'cos' [-Wimplicit-function-declaration]
  111 |         int anim_x = 64 + 10 * cos(angle);
      |                                ^~~
../Core/Src/main.c:21:1: note: include '<math.h>' or provide a declaration of 'cos'
   20 | #include "main.h"
  +++ |+#include <math.h>
   21 | 
../Core/Src/main.c:111:32: warning: incompatible implicit declaration of built-in function 'cos' [-Wbuiltin-declaration-mismatch]
  111 |         int anim_x = 64 + 10 * cos(angle);
      |                                ^~~
../Core/Src/main.c:111:32: note: include '<math.h>' or provide a declaration of 'cos'
../Core/Src/main.c:112:32: warning: implicit declaration of function 'sin' [-Wimplicit-function-declaration]
  112 |         int anim_y = 32 + 10 * sin(angle);
      |                                ^~~
../Core/Src/main.c:112:32: note: include '<math.h>' or provide a declaration of 'sin'
../Core/Src/main.c:112:32: warning: incompatible implicit declaration of built-in function 'sin' [-Wbuiltin-declaration-mismatch]
../Core/Src/main.c:112:32: note: include '<math.h>' or provide a declaration of 'sin'
../Core/Src/main.c: In function 'main':
../Core/Src/main.c:161:13: warning: implicit declaration of function 'ssd1306_Fill' [-Wimplicit-function-declaration]
  161 |             ssd1306_Fill(Black);
      |             ^~~~~~~~~~~~
../Core/Src/main.c:161:26: error: 'Black' undeclared (first use in this function)
  161 |             ssd1306_Fill(Black);
      |                          ^~~~~
../Core/Src/main.c:165:13: warning: implicit declaration of function 'sprintf' [-Wimplicit-function-declaration]
  165 |             sprintf(buf, "F:%d", state.fps);
      |             ^~~~~~~
../Core/Src/main.c:21:1: note: include '<stdio.h>' or provide a declaration of 'sprintf'
   20 | #include "main.h"
  +++ |+#include <stdio.h>
   21 | 
../Core/Src/main.c:165:13: warning: incompatible implicit declaration of built-in function 'sprintf' [-Wbuiltin-declaration-mismatch]
  165 |             sprintf(buf, "F:%d", state.fps);
      |             ^~~~~~~
../Core/Src/main.c:165:13: note: include '<stdio.h>' or provide a declaration of 'sprintf'
../Core/Src/main.c:167:38: error: 'Font_6x8' undeclared (first use in this function)
  167 |             ssd1306_WriteString(buf, Font_6x8, White);
      |                                      ^~~~~~~~
../Core/Src/main.c:167:48: error: 'White' undeclared (first use in this function)
  167 |             ssd1306_WriteString(buf, Font_6x8, White);
      |                                                ^~~~~
../Core/Src/main.c:180:13: warning: implicit declaration of function 'ssd1306_UpdateScreen' [-Wimplicit-function-declaration]
  180 |             ssd1306_UpdateScreen(&hi2c1);
      |             ^~~~~~~~~~~~~~~~~~~~
make: *** [Core/Src/subdir.mk:43: Core/Src/main.o] Error 1
make: *** Waiting for unfinished jobs....
"make -j16 all" terminated with exit code 2. Build might be incomplete.
06:35:02 **** Incremental Build of configuration Debug for project PiGesture-HID ****
make -j16 all 
arm-none-eabi-gcc "../Core/Src/main.c" -mcpu=cortex-m4 -std=gnu11 -g3 -DDEBUG -DUSE_HAL_DRIVER -DSTM32F446xx -c -I../Core/Inc -I../Drivers/STM32F4xx_HAL_Driver/Inc -I../Drivers/STM32F4xx_HAL_Driver/Inc/Legacy -I../Drivers/CMSIS/Device/ST/STM32F4xx/Include -I../Drivers/CMSIS/Include -O0 -ffunction-sections -fdata-sections -Wall -fstack-usage -fcyclomatic-complexity -MMD -MP -MF"Core/Src/main.d" -MT"Core/Src/main.o" --specs=nano.specs -mfpu=fpv4-sp-d16 -mfloat-abi=hard -mthumb -o "Core/Src/main.o"
../Core/Src/main.c: In function 'draw_status_overlay':
../Core/Src/main.c:106:39: error: 'Font_7x10' undeclared (first use in this function)
  106 |         ssd1306_WriteString("PAUSED", Font_7x10, White);
      |                                       ^~~~~~~~~
../Core/Src/main.c:106:39: note: each undeclared identifier is reported only once for each function it appears in
../Core/Src/main.c:111:32: warning: implicit declaration of function 'cos' [-Wimplicit-function-declaration]
  111 |         int anim_x = 64 + 10 * cos(angle);
      |                                ^~~
../Core/Src/main.c:25:1: note: include '<math.h>' or provide a declaration of 'cos'
   24 | #include "ssd1306.h"
  +++ |+#include <math.h>
   25 | /* USER CODE END Includes */
../Core/Src/main.c:111:32: warning: incompatible implicit declaration of built-in function 'cos' [-Wbuiltin-declaration-mismatch]
  111 |         int anim_x = 64 + 10 * cos(angle);
      |                                ^~~
../Core/Src/main.c:111:32: note: include '<math.h>' or provide a declaration of 'cos'
../Core/Src/main.c:112:32: warning: implicit declaration of function 'sin' [-Wimplicit-function-declaration]
  112 |         int anim_y = 32 + 10 * sin(angle);
      |                                ^~~
../Core/Src/main.c:112:32: note: include '<math.h>' or provide a declaration of 'sin'
../Core/Src/main.c:112:32: warning: incompatible implicit declaration of built-in function 'sin' [-Wbuiltin-declaration-mismatch]
../Core/Src/main.c:112:32: note: include '<math.h>' or provide a declaration of 'sin'
../Core/Src/main.c: In function 'main':
../Core/Src/main.c:165:13: warning: implicit declaration of function 'sprintf' [-Wimplicit-function-declaration]
  165 |             sprintf(buf, "F:%d", state.fps);
      |             ^~~~~~~
../Core/Src/main.c:25:1: note: include '<stdio.h>' or provide a declaration of 'sprintf'
   24 | #include "ssd1306.h"
  +++ |+#include <stdio.h>
   25 | /* USER CODE END Includes */
../Core/Src/main.c:165:13: warning: incompatible implicit declaration of built-in function 'sprintf' [-Wbuiltin-declaration-mismatch]
  165 |             sprintf(buf, "F:%d", state.fps);
      |             ^~~~~~~
../Core/Src/main.c:165:13: note: include '<stdio.h>' or provide a declaration of 'sprintf'
../Core/Src/main.c:167:38: error: 'Font_6x8' undeclared (first use in this function)
  167 |             ssd1306_WriteString(buf, Font_6x8, White);
      |                                      ^~~~~~~~
../Core/Src/main.c:180:13: error: too many arguments to function 'ssd1306_UpdateScreen'
  180 |             ssd1306_UpdateScreen(&hi2c1);
      |             ^~~~~~~~~~~~~~~~~~~~
In file included from ../Core/Src/main.c:24:
../Core/Inc/ssd1306.h:164:6: note: declared here
  164 | void ssd1306_UpdateScreen(void);
      |      ^~~~~~~~~~~~~~~~~~~~
make: *** [Core/Src/subdir.mk:43: Core/Src/main.o] Error 1
"make -j16 all" terminated with exit code 2. Build might be incomplete.
06:35:37 **** Incremental Build of configuration Debug for project PiGesture-HID ****
make -j16 all 
arm-none-eabi-gcc "../Core/Src/main.c" -mcpu=cortex-m4 -std=gnu11 -g3 -DDEBUG -DUSE_HAL_DRIVER -DSTM32F446xx -c -I../Core/Inc -I../Drivers/STM32F4xx_HAL_Driver/Inc -I../Drivers/STM32F4xx_HAL_Driver/Inc/Legacy -I../Drivers/CMSIS/Device/ST/STM32F4xx/Include -I../Drivers/CMSIS/Include -O0 -ffunction-sections -fdata-sections -Wall -fstack-usage -fcyclomatic-complexity -MMD -MP -MF"Core/Src/main.d" -MT"Core/Src/main.o" --specs=nano.specs -mfpu=fpv4-sp-d16 -mfloat-abi=hard -mthumb -o "Core/Src/main.o"
../Core/Src/main.c: In function 'draw_status_overlay':
../Core/Src/main.c:107:39: error: 'Font_7x10' undeclared (first use in this function)
  107 |         ssd1306_WriteString("PAUSED", Font_7x10, White);
      |                                       ^~~~~~~~~
../Core/Src/main.c:107:39: note: each undeclared identifier is reported only once for each function it appears in
../Core/Src/main.c:112:32: warning: implicit declaration of function 'cos' [-Wimplicit-function-declaration]
  112 |         int anim_x = 64 + 10 * cos(angle);
      |                                ^~~
../Core/Src/main.c:26:1: note: include '<math.h>' or provide a declaration of 'cos'
   25 | #include <stdio.h>
  +++ |+#include <math.h>
   26 | /* USER CODE END Includes */
../Core/Src/main.c:112:32: warning: incompatible implicit declaration of built-in function 'cos' [-Wbuiltin-declaration-mismatch]
  112 |         int anim_x = 64 + 10 * cos(angle);
      |                                ^~~
../Core/Src/main.c:112:32: note: include '<math.h>' or provide a declaration of 'cos'
../Core/Src/main.c:113:32: warning: implicit declaration of function 'sin' [-Wimplicit-function-declaration]
  113 |         int anim_y = 32 + 10 * sin(angle);
      |                                ^~~
../Core/Src/main.c:113:32: note: include '<math.h>' or provide a declaration of 'sin'
../Core/Src/main.c:113:32: warning: incompatible implicit declaration of built-in function 'sin' [-Wbuiltin-declaration-mismatch]
../Core/Src/main.c:113:32: note: include '<math.h>' or provide a declaration of 'sin'
../Core/Src/main.c: In function 'main':
../Core/Src/main.c:168:38: error: 'Font_6x8' undeclared (first use in this function)
  168 |             ssd1306_WriteString(buf, Font_6x8, White);
      |                                      ^~~~~~~~
../Core/Src/main.c:181:13: error: too many arguments to function 'ssd1306_UpdateScreen'
  181 |             ssd1306_UpdateScreen(&hi2c1);
      |             ^~~~~~~~~~~~~~~~~~~~
In file included from ../Core/Src/main.c:24:
../Core/Inc/ssd1306.h:164:6: note: declared here
  164 | void ssd1306_UpdateScreen(void);
      |      ^~~~~~~~~~~~~~~~~~~~
make: *** [Core/Src/subdir.mk:43: Core/Src/main.o] Error 1
"make -j16 all" terminated with exit code 2. Build might be incomplete.
06:36:24 **** Incremental Build of configuration Debug for project PiGesture-HID ****
make -j16 all 
arm-none-eabi-gcc "../Core/Src/main.c" -mcpu=cortex-m4 -std=gnu11 -g3 -DDEBUG -DUSE_HAL_DRIVER -DSTM32F446xx -c -I../Core/Inc -I../Drivers/STM32F4xx_HAL_Driver/Inc -I../Drivers/STM32F4xx_HAL_Driver/Inc/Legacy -I../Drivers/CMSIS/Device/ST/STM32F4xx/Include -I../Drivers/CMSIS/Include -O0 -ffunction-sections -fdata-sections -Wall -fstack-usage -fcyclomatic-complexity -MMD -MP -MF"Core/Src/main.d" -MT"Core/Src/main.o" --specs=nano.specs -mfpu=fpv4-sp-d16 -mfloat-abi=hard -mthumb -o "Core/Src/main.o"
../Core/Src/main.c: In function 'draw_status_overlay':
../Core/Src/main.c:113:32: warning: implicit declaration of function 'cos' [-Wimplicit-function-declaration]
  113 |         int anim_x = 64 + 10 * cos(angle);
      |                                ^~~
../Core/Src/main.c:27:1: note: include '<math.h>' or provide a declaration of 'cos'
   26 | #include <stdio.h>
  +++ |+#include <math.h>
   27 | /* USER CODE END Includes */
../Core/Src/main.c:113:32: warning: incompatible implicit declaration of built-in function 'cos' [-Wbuiltin-declaration-mismatch]
  113 |         int anim_x = 64 + 10 * cos(angle);
      |                                ^~~
../Core/Src/main.c:113:32: note: include '<math.h>' or provide a declaration of 'cos'
../Core/Src/main.c:114:32: warning: implicit declaration of function 'sin' [-Wimplicit-function-declaration]
  114 |         int anim_y = 32 + 10 * sin(angle);
      |                                ^~~
../Core/Src/main.c:114:32: note: include '<math.h>' or provide a declaration of 'sin'
../Core/Src/main.c:114:32: warning: incompatible implicit declaration of built-in function 'sin' [-Wbuiltin-declaration-mismatch]
../Core/Src/main.c:114:32: note: include '<math.h>' or provide a declaration of 'sin'
../Core/Src/main.c: In function 'main':
../Core/Src/main.c:182:13: error: too many arguments to function 'ssd1306_UpdateScreen'
  182 |             ssd1306_UpdateScreen(&hi2c1);
      |             ^~~~~~~~~~~~~~~~~~~~
In file included from ../Core/Src/main.c:24:
../Core/Inc/ssd1306.h:164:6: note: declared here
  164 | void ssd1306_UpdateScreen(void);
      |      ^~~~~~~~~~~~~~~~~~~~
make: *** [Core/Src/subdir.mk:43: Core/Src/main.o] Error 1
"make -j16 all" terminated with exit code 2. Build might be incomplete.
06:40:13 **** Incremental Build of configuration Debug for project PiGesture-HID ****
make -j16 all 
arm-none-eabi-gcc "../Core/Src/main.c" -mcpu=cortex-m4 -std=gnu11 -g3 -DDEBUG -DUSE_HAL_DRIVER -DSTM32F446xx -c -I../Core/Inc -I../Drivers/STM32F4xx_HAL_Driver/Inc -I../Drivers/STM32F4xx_HAL_Driver/Inc/Legacy -I../Drivers/CMSIS/Device/ST/STM32F4xx/Include -I../Drivers/CMSIS/Include -O0 -ffunction-sections -fdata-sections -Wall -fstack-usage -fcyclomatic-complexity -MMD -MP -MF"Core/Src/main.d" -MT"Core/Src/main.o" --specs=nano.specs -mfpu=fpv4-sp-d16 -mfloat-abi=hard -mthumb -o "Core/Src/main.o"
../Core/Src/main.c: In function 'draw_status_overlay':
../Core/Src/main.c:113:32: warning: implicit declaration of function 'cos' [-Wimplicit-function-declaration]
  113 |         int anim_x = 64 + 10 * cos(angle);
      |                                ^~~
../Core/Src/main.c:27:1: note: include '<math.h>' or provide a declaration of 'cos'
   26 | #include <stdio.h>
  +++ |+#include <math.h>
   27 | /* USER CODE END Includes */
../Core/Src/main.c:113:32: warning: incompatible implicit declaration of built-in function 'cos' [-Wbuiltin-declaration-mismatch]
  113 |         int anim_x = 64 + 10 * cos(angle);
      |                                ^~~
../Core/Src/main.c:113:32: note: include '<math.h>' or provide a declaration of 'cos'
../Core/Src/main.c:114:32: warning: implicit declaration of function 'sin' [-Wimplicit-function-declaration]
  114 |         int anim_y = 32 + 10 * sin(angle);
      |                                ^~~
../Core/Src/main.c:114:32: note: include '<math.h>' or provide a declaration of 'sin'
../Core/Src/main.c:114:32: warning: incompatible implicit declaration of built-in function 'sin' [-Wbuiltin-declaration-mismatch]
../Core/Src/main.c:114:32: note: include '<math.h>' or provide a declaration of 'sin'
arm-none-eabi-gcc -o "PiGesture-HID.elf" @"objects.list"   -mcpu=cortex-m4 -T"E:\PiGesture-HID\PiGesture-HID\STM32F446RETX_FLASH.ld" --specs=nosys.specs -Wl,-Map="PiGesture-HID.map" -Wl,--gc-sections -static --specs=nano.specs -mfpu=fpv4-sp-d16 -mfloat-abi=hard -mthumb -Wl,--start-group -lc -lm -Wl,--end-group
Finished building target: PiGesture-HID.elf
 
arm-none-eabi-size  PiGesture-HID.elf 
arm-none-eabi-objdump -h -S PiGesture-HID.elf  > "PiGesture-HID.list"
   text	   data	    bss	    dec	    hex	filename
  27652	     96	   3120	  30868	   7894	PiGesture-HID.elf
Finished building: default.size.stdout
 
Finished building: PiGesture-HID.list
 
06:45:42 **** Incremental Build of configuration Debug for project PiGesture-HID ****
make -j16 all 
arm-none-eabi-gcc "../Core/Src/main.c" -mcpu=cortex-m4 -std=gnu11 -g3 -DDEBUG -DUSE_HAL_DRIVER -DSTM32F446xx -c -I../Core/Inc -I../Drivers/STM32F4xx_HAL_Driver/Inc -I../Drivers/STM32F4xx_HAL_Driver/Inc/Legacy -I../Drivers/CMSIS/Device/ST/STM32F4xx/Include -I../Drivers/CMSIS/Include -O0 -ffunction-sections -fdata-sections -Wall -fstack-usage -fcyclomatic-complexity -MMD -MP -MF"Core/Src/main.d" -MT"Core/Src/main.o" --specs=nano.specs -mfpu=fpv4-sp-d16 -mfloat-abi=hard -mthumb -o "Core/Src/main.o"
../Core/Src/main.c: In function 'draw_status_overlay':
../Core/Src/main.c:113:32: warning: implicit declaration of function 'cos' [-Wimplicit-function-declaration]
  113 |         int anim_x = 64 + 10 * cos(angle);
      |                                ^~~
../Core/Src/main.c:27:1: note: include '<math.h>' or provide a declaration of 'cos'
   26 | #include <stdio.h>
  +++ |+#include <math.h>
   27 | /* USER CODE END Includes */
../Core/Src/main.c:113:32: warning: incompatible implicit declaration of built-in function 'cos' [-Wbuiltin-declaration-mismatch]
  113 |         int anim_x = 64 + 10 * cos(angle);
      |                                ^~~
../Core/Src/main.c:113:32: note: include '<math.h>' or provide a declaration of 'cos'
../Core/Src/main.c:114:32: warning: implicit declaration of function 'sin' [-Wimplicit-function-declaration]
  114 |         int anim_y = 32 + 10 * sin(angle);
      |                                ^~~
../Core/Src/main.c:114:32: note: include '<math.h>' or provide a declaration of 'sin'
../Core/Src/main.c:114:32: warning: incompatible implicit declaration of built-in function 'sin' [-Wbuiltin-declaration-mismatch]
../Core/Src/main.c:114:32: note: include '<math.h>' or provide a declaration of 'sin'
arm-none-eabi-gcc -o "PiGesture-HID.elf" @"objects.list"   -mcpu=cortex-m4 -T"E:\PiGesture-HID\PiGesture-HID\STM32F446RETX_FLASH.ld" --specs=nosys.specs -Wl,-Map="PiGesture-HID.map" -Wl,--gc-sections -static --specs=nano.specs -mfpu=fpv4-sp-d16 -mfloat-abi=hard -mthumb -Wl,--start-group -lc -lm -Wl,--end-group
Finished building target: PiGesture-HID.elf
 
arm-none-eabi-size  PiGesture-HID.elf 
arm-none-eabi-objdump -h -S PiGesture-HID.elf  > "PiGesture-HID.list"
   text	   data	    bss	    dec	    hex	filename
  27660	     96	   3120	  30876	   789c	PiGesture-HID.elf
Finished building: default.size.stdout
 
Finished building: PiGesture-HID.list
 
06:51:32 **** Incremental Build of configuration Debug for project PiGesture-HID ****
make -j16 all 
arm-none-eabi-gcc "../Core/Src/main.c" -mcpu=cortex-m4 -std=gnu11 -g3 -DDEBUG -DUSE_HAL_DRIVER -DSTM32F446xx -c -I../Core/Inc -I../Drivers/STM32F4xx_HAL_Driver/Inc -I../Drivers/STM32F4xx_HAL_Driver/Inc/Legacy -I../Drivers/CMSIS/Device/ST/STM32F4xx/Include -I../Drivers/CMSIS/Include -O0 -ffunction-sections -fdata-sections -Wall -fstack-usage -fcyclomatic-complexity -MMD -MP -MF"Core/Src/main.d" -MT"Core/Src/main.o" --specs=nano.specs -mfpu=fpv4-sp-d16 -mfloat-abi=hard -mthumb -o "Core/Src/main.o"
arm-none-eabi-gcc "../Core/Src/stm32f4xx_hal_msp.c" -mcpu=cortex-m4 -std=gnu11 -g3 -DDEBUG -DUSE_HAL_DRIVER -DSTM32F446xx -c -I../Core/Inc -I../Drivers/STM32F4xx_HAL_Driver/Inc -I../Drivers/STM32F4xx_HAL_Driver/Inc/Legacy -I../Drivers/CMSIS/Device/ST/STM32F4xx/Include -I../Drivers/CMSIS/Include -O0 -ffunction-sections -fdata-sections -Wall -fstack-usage -fcyclomatic-complexity -MMD -MP -MF"Core/Src/stm32f4xx_hal_msp.d" -MT"Core/Src/stm32f4xx_hal_msp.o" --specs=nano.specs -mfpu=fpv4-sp-d16 -mfloat-abi=hard -mthumb -o "Core/Src/stm32f4xx_hal_msp.o"
../Core/Src/main.c: In function 'draw_status_overlay':
../Core/Src/main.c:113:32: warning: implicit declaration of function 'cos' [-Wimplicit-function-declaration]
  113 |         int anim_x = 64 + 10 * cos(angle);
      |                                ^~~
../Core/Src/main.c:27:1: note: include '<math.h>' or provide a declaration of 'cos'
   26 | #include <stdio.h>
  +++ |+#include <math.h>
   27 | /* USER CODE END Includes */
../Core/Src/main.c:113:32: warning: incompatible implicit declaration of built-in function 'cos' [-Wbuiltin-declaration-mismatch]
  113 |         int anim_x = 64 + 10 * cos(angle);
      |                                ^~~
../Core/Src/main.c:113:32: note: include '<math.h>' or provide a declaration of 'cos'
../Core/Src/main.c:114:32: warning: implicit declaration of function 'sin' [-Wimplicit-function-declaration]
  114 |         int anim_y = 32 + 10 * sin(angle);
      |                                ^~~
../Core/Src/main.c:114:32: note: include '<math.h>' or provide a declaration of 'sin'
../Core/Src/main.c:114:32: warning: incompatible implicit declaration of built-in function 'sin' [-Wbuiltin-declaration-mismatch]
../Core/Src/main.c:114:32: note: include '<math.h>' or provide a declaration of 'sin'
arm-none-eabi-gcc -o "PiGesture-HID.elf" @"objects.list"   -mcpu=cortex-m4 -T"E:\PiGesture-HID\PiGesture-HID\STM32F446RETX_FLASH.ld" --specs=nosys.specs -Wl,-Map="PiGesture-HID.map" -Wl,--gc-sections -static --specs=nano.specs -mfpu=fpv4-sp-d16 -mfloat-abi=hard -mthumb -Wl,--start-group -lc -lm -Wl,--end-group
Finished building target: PiGesture-HID.elf
 
arm-none-eabi-size  PiGesture-HID.elf 
arm-none-eabi-objdump -h -S PiGesture-HID.elf  > "PiGesture-HID.list"
   text	   data	    bss	    dec	    hex	filename
  12356	     16	   2752	  15124	   3b14	PiGesture-HID.elf
Finished building: default.size.stdout
 
Finished building: PiGesture-HID.list
 
06:55:49 **** Incremental Build of configuration Debug for project PiGesture-HID ****
make -j16 all 
arm-none-eabi-size  PiGesture-HID.elf 
   text	   data	    bss	    dec	    hex	filename
  12356	     16	   2752	  15124	   3b14	PiGesture-HID.elf
Finished building: default.size.stdout
 
06:56:45 **** Incremental Build of configuration Debug for project PiGesture-HID ****
make -j16 all 
arm-none-eabi-size  PiGesture-HID.elf 
   text	   data	    bss	    dec	    hex	filename
  12356	     16	   2752	  15124	   3b14	PiGesture-HID.elf
Finished building: default.size.stdout
 
07:04:22 **** Incremental Build of configuration Debug for project PiGesture-HID ****
make -j16 all 
arm-none-eabi-gcc "../Core/Src/main.c" -mcpu=cortex-m4 -std=gnu11 -g3 -DDEBUG -DUSE_HAL_DRIVER -DSTM32F446xx -c -I../Core/Inc -I../Drivers/STM32F4xx_HAL_Driver/Inc -I../Drivers/STM32F4xx_HAL_Driver/Inc/Legacy -I../Drivers/CMSIS/Device/ST/STM32F4xx/Include -I../Drivers/CMSIS/Include -O0 -ffunction-sections -fdata-sections -Wall -fstack-usage -fcyclomatic-complexity -MMD -MP -MF"Core/Src/main.d" -MT"Core/Src/main.o" --specs=nano.specs -mfpu=fpv4-sp-d16 -mfloat-abi=hard -mthumb -o "Core/Src/main.o"
../Core/Src/main.c: In function 'draw_status_overlay':
../Core/Src/main.c:113:32: warning: implicit declaration of function 'cos' [-Wimplicit-function-declaration]
  113 |         int anim_x = 64 + 10 * cos(angle);
      |                                ^~~
../Core/Src/main.c:27:1: note: include '<math.h>' or provide a declaration of 'cos'
   26 | #include <stdio.h>
  +++ |+#include <math.h>
   27 | /* USER CODE END Includes */
../Core/Src/main.c:113:32: warning: incompatible implicit declaration of built-in function 'cos' [-Wbuiltin-declaration-mismatch]
  113 |         int anim_x = 64 + 10 * cos(angle);
      |                                ^~~
../Core/Src/main.c:113:32: note: include '<math.h>' or provide a declaration of 'cos'
../Core/Src/main.c:114:32: warning: implicit declaration of function 'sin' [-Wimplicit-function-declaration]
  114 |         int anim_y = 32 + 10 * sin(angle);
      |                                ^~~
../Core/Src/main.c:114:32: note: include '<math.h>' or provide a declaration of 'sin'
../Core/Src/main.c:114:32: warning: incompatible implicit declaration of built-in function 'sin' [-Wbuiltin-declaration-mismatch]
../Core/Src/main.c:114:32: note: include '<math.h>' or provide a declaration of 'sin'
arm-none-eabi-gcc -o "PiGesture-HID.elf" @"objects.list"   -mcpu=cortex-m4 -T"E:\PiGesture-HID\PiGesture-HID\STM32F446RETX_FLASH.ld" --specs=nosys.specs -Wl,-Map="PiGesture-HID.map" -Wl,--gc-sections -static --specs=nano.specs -mfpu=fpv4-sp-d16 -mfloat-abi=hard -mthumb -Wl,--start-group -lc -lm -Wl,--end-group
Finished building target: PiGesture-HID.elf
 
arm-none-eabi-size  PiGesture-HID.elf 
arm-none-eabi-objdump -h -S PiGesture-HID.elf  > "PiGesture-HID.list"
   text	   data	    bss	    dec	    hex	filename
  12312	     16	   2752	  15080	   3ae8	PiGesture-HID.elf
Finished building: default.size.stdout
 
Finished building: PiGesture-HID.list
 
07:09:12 **** Incremental Build of configuration Debug for project PiGesture-HID ****
make -j16 all 
arm-none-eabi-size  PiGesture-HID.elf 
   text	   data	    bss	    dec	    hex	filename
  12312	     16	   2752	  15080	   3ae8	PiGesture-HID.elf
Finished building: default.size.stdout
 
07:10:00 **** Incremental Build of configuration Debug for project PiGesture-HID ****
make -j16 all 
arm-none-eabi-gcc "../Core/Src/main.c" -mcpu=cortex-m4 -std=gnu11 -g3 -DDEBUG -DUSE_HAL_DRIVER -DSTM32F446xx -c -I../Core/Inc -I../Drivers/STM32F4xx_HAL_Driver/Inc -I../Drivers/STM32F4xx_HAL_Driver/Inc/Legacy -I../Drivers/CMSIS/Device/ST/STM32F4xx/Include -I../Drivers/CMSIS/Include -O0 -ffunction-sections -fdata-sections -Wall -fstack-usage -fcyclomatic-complexity -MMD -MP -MF"Core/Src/main.d" -MT"Core/Src/main.o" --specs=nano.specs -mfpu=fpv4-sp-d16 -mfloat-abi=hard -mthumb -o "Core/Src/main.o"
../Core/Src/main.c: In function 'draw_status_overlay':
../Core/Src/main.c:113:32: warning: implicit declaration of function 'cos' [-Wimplicit-function-declaration]
  113 |         int anim_x = 64 + 10 * cos(angle);
      |                                ^~~
../Core/Src/main.c:27:1: note: include '<math.h>' or provide a declaration of 'cos'
   26 | #include <stdio.h>
  +++ |+#include <math.h>
   27 | /* USER CODE END Includes */
../Core/Src/main.c:113:32: warning: incompatible implicit declaration of built-in function 'cos' [-Wbuiltin-declaration-mismatch]
  113 |         int anim_x = 64 + 10 * cos(angle);
      |                                ^~~
../Core/Src/main.c:113:32: note: include '<math.h>' or provide a declaration of 'cos'
../Core/Src/main.c:114:32: warning: implicit declaration of function 'sin' [-Wimplicit-function-declaration]
  114 |         int anim_y = 32 + 10 * sin(angle);
      |                                ^~~
../Core/Src/main.c:114:32: note: include '<math.h>' or provide a declaration of 'sin'
../Core/Src/main.c:114:32: warning: incompatible implicit declaration of built-in function 'sin' [-Wbuiltin-declaration-mismatch]
../Core/Src/main.c:114:32: note: include '<math.h>' or provide a declaration of 'sin'
../Core/Src/main.c: In function 'main':
../Core/Src/main.c:155:3: warning: statement with no effect [-Wunused-value]
  155 |   ssd1306_Init;
      |   ^~~~~~~~~~~~
arm-none-eabi-gcc -o "PiGesture-HID.elf" @"objects.list"   -mcpu=cortex-m4 -T"E:\PiGesture-HID\PiGesture-HID\STM32F446RETX_FLASH.ld" --specs=nosys.specs -Wl,-Map="PiGesture-HID.map" -Wl,--gc-sections -static --specs=nano.specs -mfpu=fpv4-sp-d16 -mfloat-abi=hard -mthumb -Wl,--start-group -lc -lm -Wl,--end-group
Finished building target: PiGesture-HID.elf
 
arm-none-eabi-size  PiGesture-HID.elf 
arm-none-eabi-objdump -h -S PiGesture-HID.elf  > "PiGesture-HID.list"
   text	   data	    bss	    dec	    hex	filename
  12312	     16	   2752	  15080	   3ae8	PiGesture-HID.elf
Finished building: default.size.stdout
 
Finished building: PiGesture-HID.list
 
07:10:41 **** Incremental Build of configuration Debug for project PiGesture-HID ****
make -j16 all 
arm-none-eabi-gcc "../Core/Src/main.c" -mcpu=cortex-m4 -std=gnu11 -g3 -DDEBUG -DUSE_HAL_DRIVER -DSTM32F446xx -c -I../Core/Inc -I../Drivers/STM32F4xx_HAL_Driver/Inc -I../Drivers/STM32F4xx_HAL_Driver/Inc/Legacy -I../Drivers/CMSIS/Device/ST/STM32F4xx/Include -I../Drivers/CMSIS/Include -O0 -ffunction-sections -fdata-sections -Wall -fstack-usage -fcyclomatic-complexity -MMD -MP -MF"Core/Src/main.d" -MT"Core/Src/main.o" --specs=nano.specs -mfpu=fpv4-sp-d16 -mfloat-abi=hard -mthumb -o "Core/Src/main.o"
../Core/Src/main.c: In function 'draw_status_overlay':
../Core/Src/main.c:113:32: warning: implicit declaration of function 'cos' [-Wimplicit-function-declaration]
  113 |         int anim_x = 64 + 10 * cos(angle);
      |                                ^~~
../Core/Src/main.c:27:1: note: include '<math.h>' or provide a declaration of 'cos'
   26 | #include <stdio.h>
  +++ |+#include <math.h>
   27 | /* USER CODE END Includes */
../Core/Src/main.c:113:32: warning: incompatible implicit declaration of built-in function 'cos' [-Wbuiltin-declaration-mismatch]
  113 |         int anim_x = 64 + 10 * cos(angle);
      |                                ^~~
../Core/Src/main.c:113:32: note: include '<math.h>' or provide a declaration of 'cos'
../Core/Src/main.c:114:32: warning: implicit declaration of function 'sin' [-Wimplicit-function-declaration]
  114 |         int anim_y = 32 + 10 * sin(angle);
      |                                ^~~
../Core/Src/main.c:114:32: note: include '<math.h>' or provide a declaration of 'sin'
../Core/Src/main.c:114:32: warning: incompatible implicit declaration of built-in function 'sin' [-Wbuiltin-declaration-mismatch]
../Core/Src/main.c:114:32: note: include '<math.h>' or provide a declaration of 'sin'
arm-none-eabi-gcc -o "PiGesture-HID.elf" @"objects.list"   -mcpu=cortex-m4 -T"E:\PiGesture-HID\PiGesture-HID\STM32F446RETX_FLASH.ld" --specs=nosys.specs -Wl,-Map="PiGesture-HID.map" -Wl,--gc-sections -static --specs=nano.specs -mfpu=fpv4-sp-d16 -mfloat-abi=hard -mthumb -Wl,--start-group -lc -lm -Wl,--end-group
Finished building target: PiGesture-HID.elf
 
arm-none-eabi-size  PiGesture-HID.elf 
arm-none-eabi-objdump -h -S PiGesture-HID.elf  > "PiGesture-HID.list"
   text	   data	    bss	    dec	    hex	filename
  12764	     16	   2760	  15540	   3cb4	PiGesture-HID.elf
Finished building: default.size.stdout
 
Finished building: PiGesture-HID.list
 
07:12:51 **** Incremental Build of configuration Debug for project PiGesture-HID ****
make -j16 all 
arm-none-eabi-size  PiGesture-HID.elf 
   text	   data	    bss	    dec	    hex	filename
  12764	     16	   2760	  15540	   3cb4	PiGesture-HID.elf
Finished building: default.size.stdout
 
07:16:22 **** Incremental Build of configuration Debug for project PiGesture-HID ****
make -j16 all 
arm-none-eabi-gcc "../Core/Src/main.c" -mcpu=cortex-m4 -std=gnu11 -g3 -DDEBUG -DUSE_HAL_DRIVER -DSTM32F446xx -c -I../Core/Inc -I../Drivers/STM32F4xx_HAL_Driver/Inc -I../Drivers/STM32F4xx_HAL_Driver/Inc/Legacy -I../Drivers/CMSIS/Device/ST/STM32F4xx/Include -I../Drivers/CMSIS/Include -O0 -ffunction-sections -fdata-sections -Wall -fstack-usage -fcyclomatic-complexity -MMD -MP -MF"Core/Src/main.d" -MT"Core/Src/main.o" --specs=nano.specs -mfpu=fpv4-sp-d16 -mfloat-abi=hard -mthumb -o "Core/Src/main.o"
../Core/Src/main.c: In function 'draw_status_overlay':
../Core/Src/main.c:113:32: warning: implicit declaration of function 'cos' [-Wimplicit-function-declaration]
  113 |         int anim_x = 64 + 10 * cos(angle);
      |                                ^~~
../Core/Src/main.c:27:1: note: include '<math.h>' or provide a declaration of 'cos'
   26 | #include <stdio.h>
  +++ |+#include <math.h>
   27 | /* USER CODE END Includes */
../Core/Src/main.c:113:32: warning: incompatible implicit declaration of built-in function 'cos' [-Wbuiltin-declaration-mismatch]
  113 |         int anim_x = 64 + 10 * cos(angle);
      |                                ^~~
../Core/Src/main.c:113:32: note: include '<math.h>' or provide a declaration of 'cos'
../Core/Src/main.c:114:32: warning: implicit declaration of function 'sin' [-Wimplicit-function-declaration]
  114 |         int anim_y = 32 + 10 * sin(angle);
      |                                ^~~
../Core/Src/main.c:114:32: note: include '<math.h>' or provide a declaration of 'sin'
../Core/Src/main.c:114:32: warning: incompatible implicit declaration of built-in function 'sin' [-Wbuiltin-declaration-mismatch]
../Core/Src/main.c:114:32: note: include '<math.h>' or provide a declaration of 'sin'
arm-none-eabi-gcc -o "PiGesture-HID.elf" @"objects.list"   -mcpu=cortex-m4 -T"E:\PiGesture-HID\PiGesture-HID\STM32F446RETX_FLASH.ld" --specs=nosys.specs -Wl,-Map="PiGesture-HID.map" -Wl,--gc-sections -static --specs=nano.specs -mfpu=fpv4-sp-d16 -mfloat-abi=hard -mthumb -Wl,--start-group -lc -lm -Wl,--end-group
Finished building target: PiGesture-HID.elf
 
arm-none-eabi-size  PiGesture-HID.elf 
arm-none-eabi-objdump -h -S PiGesture-HID.elf  > "PiGesture-HID.list"
   text	   data	    bss	    dec	    hex	filename
  12136	     16	   1728	  13880	   3638	PiGesture-HID.elf
Finished building: default.size.stdout
 
Finished building: PiGesture-HID.list
 
07:22:50 **** Incremental Build of configuration Debug for project PiGesture-HID ****
make -j16 all 
arm-none-eabi-gcc "../Core/Src/main.c" -mcpu=cortex-m4 -std=gnu11 -g3 -DDEBUG -DUSE_HAL_DRIVER -DSTM32F446xx -c -I../Core/Inc -I../Drivers/STM32F4xx_HAL_Driver/Inc -I../Drivers/STM32F4xx_HAL_Driver/Inc/Legacy -I../Drivers/CMSIS/Device/ST/STM32F4xx/Include -I../Drivers/CMSIS/Include -O0 -ffunction-sections -fdata-sections -Wall -fstack-usage -fcyclomatic-complexity -MMD -MP -MF"Core/Src/main.d" -MT"Core/Src/main.o" --specs=nano.specs -mfpu=fpv4-sp-d16 -mfloat-abi=hard -mthumb -o "Core/Src/main.o"
arm-none-eabi-gcc "../Core/Src/ssd1306.c" -mcpu=cortex-m4 -std=gnu11 -g3 -DDEBUG -DUSE_HAL_DRIVER -DSTM32F446xx -c -I../Core/Inc -I../Drivers/STM32F4xx_HAL_Driver/Inc -I../Drivers/STM32F4xx_HAL_Driver/Inc/Legacy -I../Drivers/CMSIS/Device/ST/STM32F4xx/Include -I../Drivers/CMSIS/Include -O0 -ffunction-sections -fdata-sections -Wall -fstack-usage -fcyclomatic-complexity -MMD -MP -MF"Core/Src/ssd1306.d" -MT"Core/Src/ssd1306.o" --specs=nano.specs -mfpu=fpv4-sp-d16 -mfloat-abi=hard -mthumb -o "Core/Src/ssd1306.o"
../Core/Src/main.c: In function 'draw_status_overlay':
../Core/Src/main.c:113:32: warning: implicit declaration of function 'cos' [-Wimplicit-function-declaration]
  113 |         int anim_x = 64 + 10 * cos(angle);
      |                                ^~~
../Core/Src/main.c:27:1: note: include '<math.h>' or provide a declaration of 'cos'
   26 | #include <stdio.h>
  +++ |+#include <math.h>
   27 | /* USER CODE END Includes */
../Core/Src/main.c:113:32: warning: incompatible implicit declaration of built-in function 'cos' [-Wbuiltin-declaration-mismatch]
  113 |         int anim_x = 64 + 10 * cos(angle);
      |                                ^~~
../Core/Src/main.c:113:32: note: include '<math.h>' or provide a declaration of 'cos'
../Core/Src/main.c:114:32: warning: implicit declaration of function 'sin' [-Wimplicit-function-declaration]
  114 |         int anim_y = 32 + 10 * sin(angle);
      |                                ^~~
../Core/Src/main.c:114:32: note: include '<math.h>' or provide a declaration of 'sin'
../Core/Src/main.c:114:32: warning: incompatible implicit declaration of built-in function 'sin' [-Wbuiltin-declaration-mismatch]
../Core/Src/main.c:114:32: note: include '<math.h>' or provide a declaration of 'sin'
../Core/Src/main.c: In function 'main':
../Core/Src/main.c:181:11: error: too many arguments to function 'ssd1306_UpdateScreen'
  181 |           ssd1306_UpdateScreen(&hi2c1);
      |           ^~~~~~~~~~~~~~~~~~~~
In file included from ../Core/Src/main.c:24:
../Core/Inc/ssd1306.h:164:6: note: declared here
  164 | void ssd1306_UpdateScreen(void);
      |      ^~~~~~~~~~~~~~~~~~~~
make: *** [Core/Src/subdir.mk:43: Core/Src/main.o] Error 1
make: *** Waiting for unfinished jobs....
"make -j16 all" terminated with exit code 2. Build might be incomplete.
07:23:07 **** Incremental Build of configuration Debug for project PiGesture-HID ****
make -j16 all 
arm-none-eabi-gcc "../Core/Src/main.c" -mcpu=cortex-m4 -std=gnu11 -g3 -DDEBUG -DUSE_HAL_DRIVER -DSTM32F446xx -c -I../Core/Inc -I../Drivers/STM32F4xx_HAL_Driver/Inc -I../Drivers/STM32F4xx_HAL_Driver/Inc/Legacy -I../Drivers/CMSIS/Device/ST/STM32F4xx/Include -I../Drivers/CMSIS/Include -O0 -ffunction-sections -fdata-sections -Wall -fstack-usage -fcyclomatic-complexity -MMD -MP -MF"Core/Src/main.d" -MT"Core/Src/main.o" --specs=nano.specs -mfpu=fpv4-sp-d16 -mfloat-abi=hard -mthumb -o "Core/Src/main.o"
../Core/Src/main.c: In function 'draw_status_overlay':
../Core/Src/main.c:113:32: warning: implicit declaration of function 'cos' [-Wimplicit-function-declaration]
  113 |         int anim_x = 64 + 10 * cos(angle);
      |                                ^~~
../Core/Src/main.c:27:1: note: include '<math.h>' or provide a declaration of 'cos'
   26 | #include <stdio.h>
  +++ |+#include <math.h>
   27 | /* USER CODE END Includes */
../Core/Src/main.c:113:32: warning: incompatible implicit declaration of built-in function 'cos' [-Wbuiltin-declaration-mismatch]
  113 |         int anim_x = 64 + 10 * cos(angle);
      |                                ^~~
../Core/Src/main.c:113:32: note: include '<math.h>' or provide a declaration of 'cos'
../Core/Src/main.c:114:32: warning: implicit declaration of function 'sin' [-Wimplicit-function-declaration]
  114 |         int anim_y = 32 + 10 * sin(angle);
      |                                ^~~
../Core/Src/main.c:114:32: note: include '<math.h>' or provide a declaration of 'sin'
../Core/Src/main.c:114:32: warning: incompatible implicit declaration of built-in function 'sin' [-Wbuiltin-declaration-mismatch]
../Core/Src/main.c:114:32: note: include '<math.h>' or provide a declaration of 'sin'
arm-none-eabi-gcc -o "PiGesture-HID.elf" @"objects.list"   -mcpu=cortex-m4 -T"E:\PiGesture-HID\PiGesture-HID\STM32F446RETX_FLASH.ld" --specs=nosys.specs -Wl,-Map="PiGesture-HID.map" -Wl,--gc-sections -static --specs=nano.specs -mfpu=fpv4-sp-d16 -mfloat-abi=hard -mthumb -Wl,--start-group -lc -lm -Wl,--end-group
Finished building target: PiGesture-HID.elf
 
arm-none-eabi-size  PiGesture-HID.elf 
arm-none-eabi-objdump -h -S PiGesture-HID.elf  > "PiGesture-HID.list"
   text	   data	    bss	    dec	    hex	filename
  27652	     96	   3120	  30868	   7894	PiGesture-HID.elf
Finished building: default.size.stdout
 
Finished building: PiGesture-HID.list
 
07:23:57 **** Incremental Build of configuration Debug for project PiGesture-HID ****
make -j16 all 
arm-none-eabi-gcc "../Core/Src/main.c" -mcpu=cortex-m4 -std=gnu11 -g3 -DDEBUG -DUSE_HAL_DRIVER -DSTM32F446xx -c -I../Core/Inc -I../Drivers/STM32F4xx_HAL_Driver/Inc -I../Drivers/STM32F4xx_HAL_Driver/Inc/Legacy -I../Drivers/CMSIS/Device/ST/STM32F4xx/Include -I../Drivers/CMSIS/Include -O0 -ffunction-sections -fdata-sections -Wall -fstack-usage -fcyclomatic-complexity -MMD -MP -MF"Core/Src/main.d" -MT"Core/Src/main.o" --specs=nano.specs -mfpu=fpv4-sp-d16 -mfloat-abi=hard -mthumb -o "Core/Src/main.o"
../Core/Src/main.c: In function 'draw_status_overlay':
../Core/Src/main.c:113:32: warning: implicit declaration of function 'cos' [-Wimplicit-function-declaration]
  113 |         int anim_x = 64 + 10 * cos(angle);
      |                                ^~~
../Core/Src/main.c:27:1: note: include '<math.h>' or provide a declaration of 'cos'
   26 | #include <stdio.h>
  +++ |+#include <math.h>
   27 | /* USER CODE END Includes */
../Core/Src/main.c:113:32: warning: incompatible implicit declaration of built-in function 'cos' [-Wbuiltin-declaration-mismatch]
  113 |         int anim_x = 64 + 10 * cos(angle);
      |                                ^~~
../Core/Src/main.c:113:32: note: include '<math.h>' or provide a declaration of 'cos'
../Core/Src/main.c:114:32: warning: implicit declaration of function 'sin' [-Wimplicit-function-declaration]
  114 |         int anim_y = 32 + 10 * sin(angle);
      |                                ^~~
../Core/Src/main.c:114:32: note: include '<math.h>' or provide a declaration of 'sin'
../Core/Src/main.c:114:32: warning: incompatible implicit declaration of built-in function 'sin' [-Wbuiltin-declaration-mismatch]
../Core/Src/main.c:114:32: note: include '<math.h>' or provide a declaration of 'sin'
arm-none-eabi-gcc -o "PiGesture-HID.elf" @"objects.list"   -mcpu=cortex-m4 -T"E:\PiGesture-HID\PiGesture-HID\STM32F446RETX_FLASH.ld" --specs=nosys.specs -Wl,-Map="PiGesture-HID.map" -Wl,--gc-sections -static --specs=nano.specs -mfpu=fpv4-sp-d16 -mfloat-abi=hard -mthumb -Wl,--start-group -lc -lm -Wl,--end-group
Finished building target: PiGesture-HID.elf
 
arm-none-eabi-size  PiGesture-HID.elf 
arm-none-eabi-objdump -h -S PiGesture-HID.elf  > "PiGesture-HID.list"
   text	   data	    bss	    dec	    hex	filename
  27980	     96	   3120	  31196	   79dc	PiGesture-HID.elf
Finished building: default.size.stdout
 
Finished building: PiGesture-HID.list
 
07:31:50 **** Incremental Build of configuration Debug for project PiGesture-HID ****
make -j16 all 
arm-none-eabi-gcc "../Core/Src/main.c" -mcpu=cortex-m4 -std=gnu11 -g3 -DDEBUG -DUSE_HAL_DRIVER -DSTM32F446xx -c -I../Core/Inc -I../Drivers/STM32F4xx_HAL_Driver/Inc -I../Drivers/STM32F4xx_HAL_Driver/Inc/Legacy -I../Drivers/CMSIS/Device/ST/STM32F4xx/Include -I../Drivers/CMSIS/Include -O0 -ffunction-sections -fdata-sections -Wall -fstack-usage -fcyclomatic-complexity -MMD -MP -MF"Core/Src/main.d" -MT"Core/Src/main.o" --specs=nano.specs -mfpu=fpv4-sp-d16 -mfloat-abi=hard -mthumb -o "Core/Src/main.o"
arm-none-eabi-gcc "../Core/Src/stm32f4xx_hal_msp.c" -mcpu=cortex-m4 -std=gnu11 -g3 -DDEBUG -DUSE_HAL_DRIVER -DSTM32F446xx -c -I../Core/Inc -I../Drivers/STM32F4xx_HAL_Driver/Inc -I../Drivers/STM32F4xx_HAL_Driver/Inc/Legacy -I../Drivers/CMSIS/Device/ST/STM32F4xx/Include -I../Drivers/CMSIS/Include -O0 -ffunction-sections -fdata-sections -Wall -fstack-usage -fcyclomatic-complexity -MMD -MP -MF"Core/Src/stm32f4xx_hal_msp.d" -MT"Core/Src/stm32f4xx_hal_msp.o" --specs=nano.specs -mfpu=fpv4-sp-d16 -mfloat-abi=hard -mthumb -o "Core/Src/stm32f4xx_hal_msp.o"
arm-none-eabi-gcc "../Core/Src/stm32f4xx_it.c" -mcpu=cortex-m4 -std=gnu11 -g3 -DDEBUG -DUSE_HAL_DRIVER -DSTM32F446xx -c -I../Core/Inc -I../Drivers/STM32F4xx_HAL_Driver/Inc -I../Drivers/STM32F4xx_HAL_Driver/Inc/Legacy -I../Drivers/CMSIS/Device/ST/STM32F4xx/Include -I../Drivers/CMSIS/Include -O0 -ffunction-sections -fdata-sections -Wall -fstack-usage -fcyclomatic-complexity -MMD -MP -MF"Core/Src/stm32f4xx_it.d" -MT"Core/Src/stm32f4xx_it.o" --specs=nano.specs -mfpu=fpv4-sp-d16 -mfloat-abi=hard -mthumb -o "Core/Src/stm32f4xx_it.o"
../Core/Src/main.c: In function 'draw_status_overlay':
../Core/Src/main.c:115:32: warning: implicit declaration of function 'cos' [-Wimplicit-function-declaration]
  115 |         int anim_x = 64 + 10 * cos(angle);
      |                                ^~~
../Core/Src/main.c:27:1: note: include '<math.h>' or provide a declaration of 'cos'
   26 | #include <stdio.h>
  +++ |+#include <math.h>
   27 | /* USER CODE END Includes */
../Core/Src/main.c:115:32: warning: incompatible implicit declaration of built-in function 'cos' [-Wbuiltin-declaration-mismatch]
  115 |         int anim_x = 64 + 10 * cos(angle);
      |                                ^~~
../Core/Src/main.c:115:32: note: include '<math.h>' or provide a declaration of 'cos'
../Core/Src/main.c:116:32: warning: implicit declaration of function 'sin' [-Wimplicit-function-declaration]
  116 |         int anim_y = 32 + 10 * sin(angle);
      |                                ^~~
../Core/Src/main.c:116:32: note: include '<math.h>' or provide a declaration of 'sin'
[...]
  22060	     92	   3284	  25436	   635c	PiGesture-HID.elf
Finished building: default.size.stdout
 
Finished building: PiGesture-HID.list
 
23:39:33 **** Incremental Build of configuration Debug for project PiGesture-HID ****
make -j16 all 
arm-none-eabi-gcc "../Core/Src/main.c" -mcpu=cortex-m4 -std=gnu11 -g3 -DDEBUG -DUSE_HAL_DRIVER -DSTM32F446xx -c -I../Core/Inc -I../Drivers/STM32F4xx_HAL_Driver/Inc -I../Drivers/STM32F4xx_HAL_Driver/Inc/Legacy -I../Drivers/CMSIS/Device/ST/STM32F4xx/Include -I../Drivers/CMSIS/Include -O0 -ffunction-sections -fdata-sections -Wall -fstack-usage -fcyclomatic-complexity -MMD -MP -MF"Core/Src/main.d" -MT"Core/Src/main.o" --specs=nano.specs -mfpu=fpv4-sp-d16 -mfloat-abi=hard -mthumb -o "Core/Src/main.o"
../Core/Src/main.c: In function 'main':
../Core/Src/main.c:216:19: error: 'new_data_flag' undeclared (first use in this function)
  216 |               if (new_data_flag) {
      |                   ^~~~~~~~~~~~~
../Core/Src/main.c:216:19: note: each undeclared identifier is reported only once for each function it appears in
../Core/Src/main.c:282:13: error: invalid storage class for function 'MX_I2C1_Init'
  282 | static void MX_I2C1_Init(void)
      |             ^~~~~~~~~~~~
../Core/Src/main.c:316:13: error: invalid storage class for function 'MX_USART2_UART_Init'
  316 | static void MX_USART2_UART_Init(void)
      |             ^~~~~~~~~~~~~~~~~~~
../Core/Src/main.c:347:13: error: invalid storage class for function 'MX_DMA_Init'
  347 | static void MX_DMA_Init(void)
      |             ^~~~~~~~~~~
../Core/Src/main.c:365:13: error: invalid storage class for function 'MX_GPIO_Init'
  365 | static void MX_GPIO_Init(void)
      |             ^~~~~~~~~~~~
../Core/Src/main.c:459:1: error: expected declaration or statement at end of input
  459 | }
      | ^
../Core/Src/main.c: At top level:
../Core/Src/main.c:76:13: warning: 'MX_GPIO_Init' used but never defined
   76 | static void MX_GPIO_Init(void);
      |             ^~~~~~~~~~~~
../Core/Src/main.c:77:13: warning: 'MX_DMA_Init' used but never defined
   77 | static void MX_DMA_Init(void);
      |             ^~~~~~~~~~~
../Core/Src/main.c:78:13: warning: 'MX_I2C1_Init' used but never defined
   78 | static void MX_I2C1_Init(void);
      |             ^~~~~~~~~~~~
../Core/Src/main.c:79:13: warning: 'MX_USART2_UART_Init' used but never defined
   79 | static void MX_USART2_UART_Init(void);
      |             ^~~~~~~~~~~~~~~~~~~
../Core/Src/main.c:450:6: warning: 'Error_Handler' defined but not used [-Wunused-function]
  450 | void Error_Handler(void)
      |      ^~~~~~~~~~~~~
../Core/Src/main.c:439:6: warning: 'HAL_I2C_MemTxCpltCallback' defined but not used [-Wunused-function]
  439 | void HAL_I2C_MemTxCpltCallback(I2C_HandleTypeDef *hi2c) {
      |      ^~~~~~~~~~~~~~~~~~~~~~~~~
../Core/Src/main.c:421:6: warning: 'HAL_UARTEx_RxEventCallback' defined but not used [-Wunused-function]
  421 | void HAL_UARTEx_RxEventCallback(UART_HandleTypeDef *huart, uint16_t Size)
      |      ^~~~~~~~~~~~~~~~~~~~~~~~~~
../Core/Src/main.c:404:6: warning: 'HAL_GPIO_EXTI_Callback' defined but not used [-Wunused-function]
  404 | void HAL_GPIO_EXTI_Callback(uint16_t GPIO_Pin)
      |      ^~~~~~~~~~~~~~~~~~~~~~
../Core/Src/main.c:365:13: warning: 'MX_GPIO_Init' defined but not used [-Wunused-function]
  365 | static void MX_GPIO_Init(void)
      |             ^~~~~~~~~~~~
../Core/Src/main.c:347:13: warning: 'MX_DMA_Init' defined but not used [-Wunused-function]
  347 | static void MX_DMA_Init(void)
      |             ^~~~~~~~~~~
../Core/Src/main.c:316:13: warning: 'MX_USART2_UART_Init' defined but not used [-Wunused-function]
  316 | static void MX_USART2_UART_Init(void)
      |             ^~~~~~~~~~~~~~~~~~~
../Core/Src/main.c:282:13: warning: 'MX_I2C1_Init' defined but not used [-Wunused-function]
  282 | static void MX_I2C1_Init(void)
      |             ^~~~~~~~~~~~
../Core/Src/main.c:234:6: warning: 'SystemClock_Config' defined but not used [-Wunused-function]
  234 | void SystemClock_Config(void)
      |      ^~~~~~~~~~~~~~~~~~
make: *** [Core/Src/subdir.mk:43: Core/Src/main.o] Error 1
"make -j16 all" terminated with exit code 2. Build might be incomplete.
23:41:01 **** Incremental Build of configuration Debug for project PiGesture-HID ****
make -j16 all 
arm-none-eabi-gcc "../Core/Src/main.c" -mcpu=cortex-m4 -std=gnu11 -g3 -DDEBUG -DUSE_HAL_DRIVER -DSTM32F446xx -c -I../Core/Inc -I../Drivers/STM32F4xx_HAL_Driver/Inc -I../Drivers/STM32F4xx_HAL_Driver/Inc/Legacy -I../Drivers/CMSIS/Device/ST/STM32F4xx/Include -I../Drivers/CMSIS/Include -O0 -ffunction-sections -fdata-sections -Wall -fstack-usage -fcyclomatic-complexity -MMD -MP -MF"Core/Src/main.d" -MT"Core/Src/main.o" --specs=nano.specs -mfpu=fpv4-sp-d16 -mfloat-abi=hard -mthumb -o "Core/Src/main.o"
../Core/Src/main.c: In function 'main':
../Core/Src/main.c:283:13: error: invalid storage class for function 'MX_I2C1_Init'
  283 | static void MX_I2C1_Init(void)
      |             ^~~~~~~~~~~~
../Core/Src/main.c:317:13: error: invalid storage class for function 'MX_USART2_UART_Init'
  317 | static void MX_USART2_UART_Init(void)
      |             ^~~~~~~~~~~~~~~~~~~
../Core/Src/main.c:348:13: error: invalid storage class for function 'MX_DMA_Init'
  348 | static void MX_DMA_Init(void)
      |             ^~~~~~~~~~~
../Core/Src/main.c:366:13: error: invalid storage class for function 'MX_GPIO_Init'
  366 | static void MX_GPIO_Init(void)
      |             ^~~~~~~~~~~~
../Core/Src/main.c:460:1: error: expected declaration or statement at end of input
  460 | }
      | ^
../Core/Src/main.c: At top level:
../Core/Src/main.c:77:13: warning: 'MX_GPIO_Init' used but never defined
   77 | static void MX_GPIO_Init(void);
      |             ^~~~~~~~~~~~
../Core/Src/main.c:78:13: warning: 'MX_DMA_Init' used but never defined
   78 | static void MX_DMA_Init(void);
      |             ^~~~~~~~~~~
../Core/Src/main.c:79:13: warning: 'MX_I2C1_Init' used but never defined
   79 | static void MX_I2C1_Init(void);
      |             ^~~~~~~~~~~~
../Core/Src/main.c:80:13: warning: 'MX_USART2_UART_Init' used but never defined
   80 | static void MX_USART2_UART_Init(void);
      |             ^~~~~~~~~~~~~~~~~~~
../Core/Src/main.c:451:6: warning: 'Error_Handler' defined but not used [-Wunused-function]
  451 | void Error_Handler(void)
      |      ^~~~~~~~~~~~~
../Core/Src/main.c:440:6: warning: 'HAL_I2C_MemTxCpltCallback' defined but not used [-Wunused-function]
  440 | void HAL_I2C_MemTxCpltCallback(I2C_HandleTypeDef *hi2c) {
      |      ^~~~~~~~~~~~~~~~~~~~~~~~~
../Core/Src/main.c:422:6: warning: 'HAL_UARTEx_RxEventCallback' defined but not used [-Wunused-function]
  422 | void HAL_UARTEx_RxEventCallback(UART_HandleTypeDef *huart, uint16_t Size)
      |      ^~~~~~~~~~~~~~~~~~~~~~~~~~
../Core/Src/main.c:405:6: warning: 'HAL_GPIO_EXTI_Callback' defined but not used [-Wunused-function]
  405 | void HAL_GPIO_EXTI_Callback(uint16_t GPIO_Pin)
      |      ^~~~~~~~~~~~~~~~~~~~~~
../Core/Src/main.c:366:13: warning: 'MX_GPIO_Init' defined but not used [-Wunused-function]
  366 | static void MX_GPIO_Init(void)
      |             ^~~~~~~~~~~~
../Core/Src/main.c:348:13: warning: 'MX_DMA_Init' defined but not used [-Wunused-function]
  348 | static void MX_DMA_Init(void)
      |             ^~~~~~~~~~~
../Core/Src/main.c:317:13: warning: 'MX_USART2_UART_Init' defined but not used [-Wunused-function]
  317 | static void MX_USART2_UART_Init(void)
      |             ^~~~~~~~~~~~~~~~~~~
../Core/Src/main.c:283:13: warning: 'MX_I2C1_Init' defined but not used [-Wunused-function]
  283 | static void MX_I2C1_Init(void)
      |             ^~~~~~~~~~~~
../Core/Src/main.c:235:6: warning: 'SystemClock_Config' defined but not used [-Wunused-function]
  235 | void SystemClock_Config(void)
      |      ^~~~~~~~~~~~~~~~~~
make: *** [Core/Src/subdir.mk:43: Core/Src/main.o] Error 1
"make -j16 all" terminated with exit code 2. Build might be incomplete.
23:42:53 **** Incremental Build of configuration Debug for project PiGesture-HID ****
make -j16 all 
arm-none-eabi-gcc "../Core/Src/main.c" -mcpu=cortex-m4 -std=gnu11 -g3 -DDEBUG -DUSE_HAL_DRIVER -DSTM32F446xx -c -I../Core/Inc -I../Drivers/STM32F4xx_HAL_Driver/Inc -I../Drivers/STM32F4xx_HAL_Driver/Inc/Legacy -I../Drivers/CMSIS/Device/ST/STM32F4xx/Include -I../Drivers/CMSIS/Include -O0 -ffunction-sections -fdata-sections -Wall -fstack-usage -fcyclomatic-complexity -MMD -MP -MF"Core/Src/main.d" -MT"Core/Src/main.o" --specs=nano.specs -mfpu=fpv4-sp-d16 -mfloat-abi=hard -mthumb -o "Core/Src/main.o"
../Core/Src/main.c: In function 'main':
../Core/Src/main.c:237:13: error: invalid storage class for function 'MX_I2C1_Init'
  237 | static void MX_I2C1_Init(void)
      |             ^~~~~~~~~~~~
../Core/Src/main.c:271:13: error: invalid storage class for function 'MX_USART2_UART_Init'
  271 | static void MX_USART2_UART_Init(void)
      |             ^~~~~~~~~~~~~~~~~~~
../Core/Src/main.c:302:13: error: invalid storage class for function 'MX_DMA_Init'
  302 | static void MX_DMA_Init(void)
      |             ^~~~~~~~~~~
../Core/Src/main.c:320:13: error: invalid storage class for function 'MX_GPIO_Init'
  320 | static void MX_GPIO_Init(void)
      |             ^~~~~~~~~~~~
../Core/Src/main.c:414:1: error: expected declaration or statement at end of input
  414 | }
      | ^
../Core/Src/main.c: At top level:
../Core/Src/main.c:77:13: warning: 'MX_GPIO_Init' used but never defined
   77 | static void MX_GPIO_Init(void);
      |             ^~~~~~~~~~~~
../Core/Src/main.c:78:13: warning: 'MX_DMA_Init' used but never defined
   78 | static void MX_DMA_Init(void);
      |             ^~~~~~~~~~~
../Core/Src/main.c:79:13: warning: 'MX_I2C1_Init' used but never defined
   79 | static void MX_I2C1_Init(void);
      |             ^~~~~~~~~~~~
../Core/Src/main.c:80:13: warning: 'MX_USART2_UART_Init' used but never defined
   80 | static void MX_USART2_UART_Init(void);
      |             ^~~~~~~~~~~~~~~~~~~
../Core/Src/main.c:405:6: warning: 'Error_Handler' defined but not used [-Wunused-function]
  405 | void Error_Handler(void)
      |      ^~~~~~~~~~~~~
../Core/Src/main.c:394:6: warning: 'HAL_I2C_MemTxCpltCallback' defined but not used [-Wunused-function]
  394 | void HAL_I2C_MemTxCpltCallback(I2C_HandleTypeDef *hi2c) {
      |      ^~~~~~~~~~~~~~~~~~~~~~~~~
../Core/Src/main.c:376:6: warning: 'HAL_UARTEx_RxEventCallback' defined but not used [-Wunused-function]
  376 | void HAL_UARTEx_RxEventCallback(UART_HandleTypeDef *huart, uint16_t Size)
      |      ^~~~~~~~~~~~~~~~~~~~~~~~~~
../Core/Src/main.c:359:6: warning: 'HAL_GPIO_EXTI_Callback' defined but not used [-Wunused-function]
  359 | void HAL_GPIO_EXTI_Callback(uint16_t GPIO_Pin)
      |      ^~~~~~~~~~~~~~~~~~~~~~
../Core/Src/main.c:320:13: warning: 'MX_GPIO_Init' defined but not used [-Wunused-function]
  320 | static void MX_GPIO_Init(void)
      |             ^~~~~~~~~~~~
../Core/Src/main.c:302:13: warning: 'MX_DMA_Init' defined but not used [-Wunused-function]
  302 | static void MX_DMA_Init(void)
      |             ^~~~~~~~~~~
../Core/Src/main.c:271:13: warning: 'MX_USART2_UART_Init' defined but not used [-Wunused-function]
  271 | static void MX_USART2_UART_Init(void)
      |             ^~~~~~~~~~~~~~~~~~~
../Core/Src/main.c:237:13: warning: 'MX_I2C1_Init' defined but not used [-Wunused-function]
  237 | static void MX_I2C1_Init(void)
      |             ^~~~~~~~~~~~
../Core/Src/main.c:189:6: warning: 'SystemClock_Config' defined but not used [-Wunused-function]
  189 | void SystemClock_Config(void)
      |      ^~~~~~~~~~~~~~~~~~
make: *** [Core/Src/subdir.mk:43: Core/Src/main.o] Error 1
"make -j16 all" terminated with exit code 2. Build might be incomplete.
23:43:17 **** Incremental Build of configuration Debug for project PiGesture-HID ****
make -j16 all 
arm-none-eabi-gcc "../Core/Src/main.c" -mcpu=cortex-m4 -std=gnu11 -g3 -DDEBUG -DUSE_HAL_DRIVER -DSTM32F446xx -c -I../Core/Inc -I../Drivers/STM32F4xx_HAL_Driver/Inc -I../Drivers/STM32F4xx_HAL_Driver/Inc/Legacy -I../Drivers/CMSIS/Device/ST/STM32F4xx/Include -I../Drivers/CMSIS/Include -O0 -ffunction-sections -fdata-sections -Wall -fstack-usage -fcyclomatic-complexity -MMD -MP -MF"Core/Src/main.d" -MT"Core/Src/main.o" --specs=nano.specs -mfpu=fpv4-sp-d16 -mfloat-abi=hard -mthumb -o "Core/Src/main.o"
arm-none-eabi-gcc -o "PiGesture-HID.elf" @"objects.list"   -mcpu=cortex-m4 -T"E:\PiGesture-HID\PiGesture-HID\STM32F446RETX_FLASH.ld" --specs=nosys.specs -Wl,-Map="PiGesture-HID.map" -Wl,--gc-sections -static --specs=nano.specs -mfpu=fpv4-sp-d16 -mfloat-abi=hard -mthumb -Wl,--start-group -lc -lm -Wl,--end-group
E:/STM32CubeIDE_1.18.1/STM32CubeIDE/plugins/com.st.stm32cube.ide.mcu.externaltools.gnu-tools-for-stm32.13.3.rel1.win32_1.0.0.202411081344/tools/bin/../lib/gcc/arm-none-eabi/13.3.1/../../../../arm-none-eabi/bin/ld.exe: ./Core/Src/ssd1306.o:E:/PiGesture-HID/PiGesture-HID/Debug/../Core/Src/ssd1306.c:595: multiple definition of `oled_is_busy'; ./Core/Src/main.o:E:/PiGesture-HID/PiGesture-HID/Debug/../Core/Src/main.c:64: first defined here
collect2.exe: error: ld returned 1 exit status
make: *** [makefile:64: PiGesture-HID.elf] Error 1
"make -j16 all" terminated with exit code 2. Build might be incomplete.
23:43:26 **** Incremental Build of configuration Debug for project PiGesture-HID ****
make -j16 all 
arm-none-eabi-gcc -o "PiGesture-HID.elf" @"objects.list"   -mcpu=cortex-m4 -T"E:\PiGesture-HID\PiGesture-HID\STM32F446RETX_FLASH.ld" --specs=nosys.specs -Wl,-Map="PiGesture-HID.map" -Wl,--gc-sections -static --specs=nano.specs -mfpu=fpv4-sp-d16 -mfloat-abi=hard -mthumb -Wl,--start-group -lc -lm -Wl,--end-group
E:/STM32CubeIDE_1.18.1/STM32CubeIDE/plugins/com.st.stm32cube.ide.mcu.externaltools.gnu-tools-for-stm32.13.3.rel1.win32_1.0.0.202411081344/tools/bin/../lib/gcc/arm-none-eabi/13.3.1/../../../../arm-none-eabi/bin/ld.exe: ./Core/Src/ssd1306.o:E:/PiGesture-HID/PiGesture-HID/Debug/../Core/Src/ssd1306.c:595: multiple definition of `oled_is_busy'; ./Core/Src/main.o:E:/PiGesture-HID/PiGesture-HID/Debug/../Core/Src/main.c:64: first defined here
collect2.exe: error: ld returned 1 exit status
make: *** [makefile:64: PiGesture-HID.elf] Error 1
"make -j16 all" terminated with exit code 2. Build might be incomplete.
23:44:20 **** Incremental Build of configuration Debug for project PiGesture-HID ****
make -j16 all 
arm-none-eabi-gcc "../Core/Src/main.c" -mcpu=cortex-m4 -std=gnu11 -g3 -DDEBUG -DUSE_HAL_DRIVER -DSTM32F446xx -c -I../Core/Inc -I../Drivers/STM32F4xx_HAL_Driver/Inc -I../Drivers/STM32F4xx_HAL_Driver/Inc/Legacy -I../Drivers/CMSIS/Device/ST/STM32F4xx/Include -I../Drivers/CMSIS/Include -O0 -ffunction-sections -fdata-sections -Wall -fstack-usage -fcyclomatic-complexity -MMD -MP -MF"Core/Src/main.d" -MT"Core/Src/main.o" --specs=nano.specs -mfpu=fpv4-sp-d16 -mfloat-abi=hard -mthumb -o "Core/Src/main.o"
arm-none-eabi-gcc -o "PiGesture-HID.elf" @"objects.list"   -mcpu=cortex-m4 -T"E:\PiGesture-HID\PiGesture-HID\STM32F446RETX_FLASH.ld" --specs=nosys.specs -Wl,-Map="PiGesture-HID.map" -Wl,--gc-sections -static --specs=nano.specs -mfpu=fpv4-sp-d16 -mfloat-abi=hard -mthumb -Wl,--start-group -lc -lm -Wl,--end-group
Finished building target: PiGesture-HID.elf
 
arm-none-eabi-size  PiGesture-HID.elf 
arm-none-eabi-objdump -h -S PiGesture-HID.elf  > "PiGesture-HID.list"
   text	   data	    bss	    dec	    hex	filename
  36348	     92	   3292	  39732	   9b34	PiGesture-HID.elf
Finished building: default.size.stdout
 
Finished building: PiGesture-HID.list
 
00:16:35 **** Incremental Build of configuration Debug for project PiGesture-HID ****
make -j16 all 
arm-none-eabi-gcc "../Core/Src/main.c" -mcpu=cortex-m4 -std=gnu11 -g3 -DDEBUG -DUSE_HAL_DRIVER -DSTM32F446xx -c -I../Core/Inc -I../Drivers/STM32F4xx_HAL_Driver/Inc -I../Drivers/STM32F4xx_HAL_Driver/Inc/Legacy -I../Drivers/CMSIS/Device/ST/STM32F4xx/Include -I../Drivers/CMSIS/Include -O0 -ffunction-sections -fdata-sections -Wall -fstack-usage -fcyclomatic-complexity -MMD -MP -MF"Core/Src/main.d" -MT"Core/Src/main.o" --specs=nano.specs -mfpu=fpv4-sp-d16 -mfloat-abi=hard -mthumb -o "Core/Src/main.o"
../Core/Src/main.c: In function 'HAL_GPIO_EXTI_Callback':
../Core/Src/main.c:408:13: error: 'rpi_running' undeclared (first use in this function)
  408 |         if (rpi_running) {
      |             ^~~~~~~~~~~
../Core/Src/main.c:408:13: note: each undeclared identifier is reported only once for each function it appears in
make: *** [Core/Src/subdir.mk:43: Core/Src/main.o] Error 1
"make -j16 all" terminated with exit code 2. Build might be incomplete.
00:16:53 **** Incremental Build of configuration Debug for project PiGesture-HID ****
make -j16 all 
arm-none-eabi-gcc "../Core/Src/main.c" -mcpu=cortex-m4 -std=gnu11 -g3 -DDEBUG -DUSE_HAL_DRIVER -DSTM32F446xx -c -I../Core/Inc -I../Drivers/STM32F4xx_HAL_Driver/Inc -I../Drivers/STM32F4xx_HAL_Driver/Inc/Legacy -I../Drivers/CMSIS/Device/ST/STM32F4xx/Include -I../Drivers/CMSIS/Include -O0 -ffunction-sections -fdata-sections -Wall -fstack-usage -fcyclomatic-complexity -MMD -MP -MF"Core/Src/main.d" -MT"Core/Src/main.o" --specs=nano.specs -mfpu=fpv4-sp-d16 -mfloat-abi=hard -mthumb -o "Core/Src/main.o"
../Core/Src/main.c: In function 'HAL_GPIO_EXTI_Callback':
../Core/Src/main.c:410:13: error: 'rpi_running' undeclared (first use in this function)
  410 |             rpi_running = 0;
      |             ^~~~~~~~~~~
../Core/Src/main.c:410:13: note: each undeclared identifier is reported only once for each function it appears in
make: *** [Core/Src/subdir.mk:43: Core/Src/main.o] Error 1
"make -j16 all" terminated with exit code 2. Build might be incomplete.
00:17:00 **** Incremental Build of configuration Debug for project PiGesture-HID ****
make -j16 all 
arm-none-eabi-gcc "../Core/Src/main.c" -mcpu=cortex-m4 -std=gnu11 -g3 -DDEBUG -DUSE_HAL_DRIVER -DSTM32F446xx -c -I../Core/Inc -I../Drivers/STM32F4xx_HAL_Driver/Inc -I../Drivers/STM32F4xx_HAL_Driver/Inc/Legacy -I../Drivers/CMSIS/Device/ST/STM32F4xx/Include -I../Drivers/CMSIS/Include -O0 -ffunction-sections -fdata-sections -Wall -fstack-usage -fcyclomatic-complexity -MMD -MP -MF"Core/Src/main.d" -MT"Core/Src/main.o" --specs=nano.specs -mfpu=fpv4-sp-d16 -mfloat-abi=hard -mthumb -o "Core/Src/main.o"
../Core/Src/main.c: In function 'HAL_GPIO_EXTI_Callback':
../Core/Src/main.c:413:13: error: 'rpi_running' undeclared (first use in this function)
  413 |             rpi_running = 1;
      |             ^~~~~~~~~~~
../Core/Src/main.c:413:13: note: each undeclared identifier is reported only once for each function it appears in
make: *** [Core/Src/subdir.mk:43: Core/Src/main.o] Error 1
"make -j16 all" terminated with exit code 2. Build might be incomplete.
00:17:07 **** Incremental Build of configuration Debug for project PiGesture-HID ****
make -j16 all 
arm-none-eabi-gcc "../Core/Src/main.c" -mcpu=cortex-m4 -std=gnu11 -g3 -DDEBUG -DUSE_HAL_DRIVER -DSTM32F446xx -c -I../Core/Inc -I../Drivers/STM32F4xx_HAL_Driver/Inc -I../Drivers/STM32F4xx_HAL_Driver/Inc/Legacy -I../Drivers/CMSIS/Device/ST/STM32F4xx/Include -I../Drivers/CMSIS/Include -O0 -ffunction-sections -fdata-sections -Wall -fstack-usage -fcyclomatic-complexity -MMD -MP -MF"Core/Src/main.d" -MT"Core/Src/main.o" --specs=nano.specs -mfpu=fpv4-sp-d16 -mfloat-abi=hard -mthumb -o "Core/Src/main.o"
arm-none-eabi-gcc -o "PiGesture-HID.elf" @"objects.list"   -mcpu=cortex-m4 -T"E:\PiGesture-HID\PiGesture-HID\STM32F446RETX_FLASH.ld" --specs=nosys.specs -Wl,-Map="PiGesture-HID.map" -Wl,--gc-sections -static --specs=nano.specs -mfpu=fpv4-sp-d16 -mfloat-abi=hard -mthumb -Wl,--start-group -lc -lm -Wl,--end-group
Finished building target: PiGesture-HID.elf
 
arm-none-eabi-size  PiGesture-HID.elf 
arm-none-eabi-objdump -h -S PiGesture-HID.elf  > "PiGesture-HID.list"
   text	   data	    bss	    dec	    hex	filename
  36356	     92	   3292	  39740	   9b3c	PiGesture-HID.elf
Finished building: default.size.stdout
 
Finished building: PiGesture-HID.list
 
